// Jest Snapshot v1, https://goo.gl/fbAQLP

exports[`unswitchable 1`] = `
<div class="buri-address-list">
  <div role="radiogroup" class="buri-radio-group">
    <div class="buri-cell buri-cell--borderless buri-address-item">
      <div class="buri-cell__value buri-cell__value--alone buri-address-item__value">
        <div class="buri-address-item__name">张三 13000000000</div>
        <div class="buri-address-item__address">浙江省杭州市西湖区文三路 138 号东方通信大厦 7 楼 501 室</div>
      </div><i class="buri-icon buri-icon-edit buri-address-item__edit">
        <!----></i>
    </div>
    <div class="buri-cell buri-cell--borderless buri-address-item">
      <div class="buri-cell__value buri-cell__value--alone buri-address-item__value">
        <div class="buri-address-item__name">李四 1310000000</div>
        <div class="buri-address-item__address">浙江省杭州市拱墅区莫干山路 50 号</div>
      </div><i class="buri-icon buri-icon-edit buri-address-item__edit">
        <!----></i>
    </div>
  </div>
  <div class="buri-address-list__bottom"><button class="buri-button buri-button--danger buri-button--normal buri-button--block buri-button--round buri-address-list__add"><span class="buri-button__text">新增地址</span></button></div>
</div>
`;
