// Jest Snapshot v1, https://goo.gl/fbAQLP

exports[`renders demo correctly 1`] = `
<div>
  <div>
    <div class="buri-nav-bar buri-hairline--bottom" style="z-index: 1;">
      <div class="buri-nav-bar__left"><i class="buri-icon buri-icon-arrow-left buri-nav-bar__arrow">
          <!----></i><span class="buri-nav-bar__text">返回</span></div>
      <div class="buri-nav-bar__title buri-ellipsis">标题</div>
      <div class="buri-nav-bar__right"><span class="buri-nav-bar__text">按钮</span></div>
    </div>
  </div>
  <div>
    <div class="buri-nav-bar buri-hairline--bottom" style="z-index: 1;">
      <div class="buri-nav-bar__left"><i class="buri-icon buri-icon-arrow-left buri-nav-bar__arrow">
          <!----></i><span class="buri-nav-bar__text">返回</span></div>
      <div class="buri-nav-bar__title buri-ellipsis">标题</div>
      <div class="buri-nav-bar__right"><i class="buri-icon buri-icon-search">
          <!----></i></div>
    </div>
  </div>
</div>
`;
