// Jest Snapshot v1, https://goo.gl/fbAQLP

exports[`renders demo correctly 1`] = `
<div>
  <div>
    <div class="demo-button-row"><button class="buri-button buri-button--default buri-button--normal"><span class="buri-button__text">默认按钮</span></button> <button class="buri-button buri-button--primary buri-button--normal"><span class="buri-button__text">主要按钮</span></button> <button class="buri-button buri-button--info buri-button--normal"><span class="buri-button__text">信息按钮</span></button></div> <button class="buri-button buri-button--danger buri-button--normal"><span class="buri-button__text">危险按钮</span></button> <button class="buri-button buri-button--warning buri-button--normal"><span class="buri-button__text">警告按钮</span></button>
  </div>
  <div><button class="buri-button buri-button--primary buri-button--normal buri-button--plain"><span class="buri-button__text">朴素按钮</span></button> <button class="buri-button buri-button--info buri-button--normal buri-button--plain"><span class="buri-button__text">朴素按钮</span></button></div>
  <div><button class="buri-button buri-button--primary buri-button--normal buri-button--plain buri-button--hairline buri-hairline--surround"><span class="buri-button__text">细边框按钮</span></button> <button class="buri-button buri-button--info buri-button--normal buri-button--plain buri-button--hairline buri-hairline--surround"><span class="buri-button__text">细边框按钮</span></button></div>
  <div><button disabled="disabled" class="buri-button buri-button--primary buri-button--normal buri-button--disabled"><span class="buri-button__text">禁用状态</span></button> <button disabled="disabled" class="buri-button buri-button--info buri-button--normal buri-button--disabled"><span class="buri-button__text">禁用状态</span></button></div>
  <div><button class="buri-button buri-button--primary buri-button--normal buri-button--loading">
      <div class="buri-loading buri-loading--circular buri-button__loading"><span class="buri-loading__spinner buri-loading__spinner--circular" style="color: currentColor; width: 20px; height: 20px;"><svg viewBox="25 25 50 50" class="buri-loading__circular"><circle cx="50" cy="50" r="20" fill="none"></circle></svg></span></div>
    </button> <button class="buri-button buri-button--primary buri-button--normal buri-button--loading">
      <div class="buri-loading buri-loading--spinner buri-button__loading"><span class="buri-loading__spinner buri-loading__spinner--spinner" style="color: currentColor; width: 20px; height: 20px;"><i></i><i></i><i></i><i></i><i></i><i></i><i></i><i></i><i></i><i></i><i></i><i></i></span></div>
    </button> <button class="buri-button buri-button--info buri-button--normal buri-button--loading">
      <div class="buri-loading buri-loading--circular buri-button__loading"><span class="buri-loading__spinner buri-loading__spinner--circular" style="color: currentColor; width: 20px; height: 20px;"><svg viewBox="25 25 50 50" class="buri-loading__circular"><circle cx="50" cy="50" r="20" fill="none"></circle></svg></span></div><span class="buri-button__text">加载中...</span>
    </button></div>
  <div><button class="buri-button buri-button--primary buri-button--normal buri-button--square"><span class="buri-button__text">方形按钮</span></button> <button class="buri-button buri-button--info buri-button--normal buri-button--round"><span class="buri-button__text">圆形按钮</span></button></div>
  <div><button class="buri-button buri-button--primary buri-button--normal"><i class="buri-icon buri-icon-star-o buri-button__icon">
        <!----></i></button> <button class="buri-button buri-button--primary buri-button--normal"><i class="buri-icon buri-icon-star-o buri-button__icon">
        <!----></i><span class="buri-button__text">按钮</span></button> <button class="buri-button buri-button--primary buri-button--normal buri-button--plain"><i class="buri-icon buri-button__icon"><img src="https://img.yzcdn.cn/buri/logo.png" class="buri-icon__image">
        <!----></i><span class="buri-button__text">按钮</span></button></div>
  <div><button class="buri-button buri-button--primary buri-button--large"><span class="buri-button__text">大号按钮</span></button> <button class="buri-button buri-button--primary buri-button--normal"><span class="buri-button__text">普通按钮</span></button> <button class="buri-button buri-button--primary buri-button--small"><span class="buri-button__text">小型按钮</span></button> <button class="buri-button buri-button--primary buri-button--mini"><span class="buri-button__text">迷你按钮</span></button></div>
  <div><button class="buri-button buri-button--primary buri-button--normal"><span class="buri-button__text">URL 跳转</span></button> <button class="buri-button buri-button--primary buri-button--normal"><span class="buri-button__text">路由跳转</span></button></div>
  <div><button class="buri-button buri-button--default buri-button--normal" style="color: rgb(255, 255, 255); background: rgb(114, 50, 221); border-color: #7232dd;"><span class="buri-button__text">单色按钮</span></button> <button class="buri-button buri-button--default buri-button--normal buri-button--plain" style="color: rgb(114, 50, 221); border-color: #7232dd;"><span class="buri-button__text">单色按钮</span></button> <button class="buri-button buri-button--default buri-button--normal" style="color: rgb(255, 255, 255); border: 0px;"><span class="buri-button__text">渐变色按钮</span></button></div>
  <div>
    <div class="demo-button-row"><button class="buri-button buri-button--primary buri-button--normal"><span class="buri-button__text">普通按钮</span></button></div> <button class="buri-button buri-button--primary buri-button--normal buri-button--block"><span class="buri-button__text">块级元素</span></button>
  </div>
</div>
`;
