// Jest Snapshot v1, https://goo.gl/fbAQLP

exports[`loading size 1`] = `
<button class="buri-button buri-button--default buri-button--normal buri-button--loading">
  <div class="buri-loading buri-loading--circular buri-button__loading"><span class="buri-loading__spinner buri-loading__spinner--circular" style="color: currentColor; width: 10px; height: 10px;"><svg viewBox="25 25 50 50" class="buri-loading__circular"><circle cx="50" cy="50" r="20" fill="none"></circle></svg></span></div>
</button>
`;
