// Jest Snapshot v1, https://goo.gl/fbAQLP

exports[`renders demo correctly 1`] = `
<div>
  <div class="buri-cell buri-cell--center">
    <div class="buri-cell__title"><span>基础用法</span></div>
    <div class="buri-cell__value">
      <div class="buri-stepper"><button type="button" class="buri-stepper__minus buri-stepper__minus--disabled"></button><input type="number" role="spinbutton" aria-valuemax="Infinity" aria-valuemin="1" aria-valuenow="1" class="buri-stepper__input"><button type="button" class="buri-stepper__plus"></button></div>
    </div>
  </div>
  <div class="buri-cell buri-cell--center">
    <div class="buri-cell__title"><span>步长设置</span></div>
    <div class="buri-cell__value">
      <div class="buri-stepper"><button type="button" class="buri-stepper__minus buri-stepper__minus--disabled"></button><input type="number" role="spinbutton" aria-valuemax="Infinity" aria-valuemin="1" aria-valuenow="1" class="buri-stepper__input"><button type="button" class="buri-stepper__plus"></button></div>
    </div>
  </div>
  <div class="buri-cell buri-cell--center">
    <div class="buri-cell__title"><span>限制输入范围</span></div>
    <div class="buri-cell__value">
      <div class="buri-stepper"><button type="button" class="buri-stepper__minus buri-stepper__minus--disabled"></button><input type="number" role="spinbutton" aria-valuemax="8" aria-valuemin="5" aria-valuenow="5" class="buri-stepper__input"><button type="button" class="buri-stepper__plus"></button></div>
    </div>
  </div>
  <div class="buri-cell buri-cell--center">
    <div class="buri-cell__title"><span>限制输入整数</span></div>
    <div class="buri-cell__value">
      <div class="buri-stepper"><button type="button" class="buri-stepper__minus buri-stepper__minus--disabled"></button><input type="number" role="spinbutton" aria-valuemax="Infinity" aria-valuemin="1" aria-valuenow="1" class="buri-stepper__input"><button type="button" class="buri-stepper__plus"></button></div>
    </div>
  </div>
  <div class="buri-cell buri-cell--center">
    <div class="buri-cell__title"><span>禁用状态</span></div>
    <div class="buri-cell__value">
      <div class="buri-stepper"><button type="button" class="buri-stepper__minus buri-stepper__minus--disabled"></button><input type="number" role="spinbutton" aria-valuemax="Infinity" aria-valuemin="1" aria-valuenow="1" disabled="disabled" class="buri-stepper__input"><button type="button" class="buri-stepper__plus buri-stepper__plus--disabled"></button></div>
    </div>
  </div>
  <div class="buri-cell buri-cell--center">
    <div class="buri-cell__title"><span>固定小数位数</span></div>
    <div class="buri-cell__value">
      <div class="buri-stepper"><button type="button" class="buri-stepper__minus buri-stepper__minus--disabled"></button><input type="number" role="spinbutton" aria-valuemax="Infinity" aria-valuemin="1" aria-valuenow="1.0" class="buri-stepper__input"><button type="button" class="buri-stepper__plus"></button></div>
    </div>
  </div>
  <div class="buri-cell buri-cell--center">
    <div class="buri-cell__title"><span>自定义大小</span></div>
    <div class="buri-cell__value">
      <div class="buri-stepper"><button type="button" class="buri-stepper__minus buri-stepper__minus--disabled" style="width: 32px; height: 32px;"></button><input type="number" role="spinbutton" aria-valuemax="Infinity" aria-valuemin="1" aria-valuenow="1" class="buri-stepper__input" style="width: 40px; height: 32px;"><button type="button" class="buri-stepper__plus" style="width: 32px; height: 32px;"></button></div>
    </div>
  </div>
  <div class="buri-cell buri-cell--center">
    <div class="buri-cell__title"><span>异步变更</span></div>
    <div class="buri-cell__value">
      <div class="buri-stepper"><button type="button" class="buri-stepper__minus buri-stepper__minus--disabled"></button><input type="number" role="spinbutton" aria-valuemax="Infinity" aria-valuemin="1" aria-valuenow="1" class="buri-stepper__input"><button type="button" class="buri-stepper__plus"></button></div>
    </div>
  </div>
</div>
`;
