// Jest Snapshot v1, https://goo.gl/fbAQLP

exports[`renders demo correctly 1`] = `
<div>
  <div>
    <div class="buri-search" style="background: rgb(255, 255, 255);">
      <div class="buri-search__content buri-search__content--square">
        <div class="buri-cell buri-cell--borderless buri-field">
          <div class="buri-field__left-icon"><i class="buri-icon buri-icon-search">
              <!----></i></div>
          <div class="buri-cell__value buri-cell__value--alone">
            <div class="buri-field__body"><input type="search" placeholder="请输入搜索关键词" class="buri-field__control"></div>
          </div>
        </div>
      </div>
    </div>
  </div>
  <div>
    <form action="/">
      <div class="buri-search buri-search--show-action" style="background: rgb(255, 255, 255);">
        <div class="buri-search__content buri-search__content--square">
          <div class="buri-cell buri-cell--borderless buri-field">
            <div class="buri-field__left-icon"><i class="buri-icon buri-icon-search">
                <!----></i></div>
            <div class="buri-cell__value buri-cell__value--alone">
              <div class="buri-field__body"><input type="search" placeholder="请输入搜索关键词" class="buri-field__control"></div>
            </div>
          </div>
        </div>
        <div role="button" tabindex="0" class="buri-search__action">取消</div>
      </div>
    </form>
  </div>
  <div>
    <div class="buri-search buri-search--show-action" style="background: rgb(255, 255, 255);">
      <div class="buri-search__content buri-search__content--round">
        <div class="buri-search__label">地址</div>
        <div class="buri-cell buri-cell--borderless buri-field">
          <div class="buri-field__left-icon"><i class="buri-icon buri-icon-search">
              <!----></i></div>
          <div class="buri-cell__value buri-cell__value--alone">
            <div class="buri-field__body"><input type="search" placeholder="请输入搜索关键词" class="buri-field__control"></div>
          </div>
        </div>
      </div>
      <div role="button" tabindex="0" class="buri-search__action">
        <div>搜索</div>
      </div>
    </div>
  </div>
</div>
`;
