// Jest Snapshot v1, https://goo.gl/fbAQLP

exports[`renders demo correctly 1`] = `
<div>
  <div>
    <div class="buri-tree-select" style="height: 300px;">
      <div class="buri-sidebar buri-tree-select__nav"><a class="buri-sidebar-item buri-sidebar-item--select buri-tree-select__nav-item">
          <div class="buri-sidebar-item__text">浙江
            <!---->
          </div>
        </a><a class="buri-sidebar-item buri-tree-select__nav-item">
          <div class="buri-sidebar-item__text">江苏
            <!---->
          </div>
        </a><a class="buri-sidebar-item buri-sidebar-item--disabled buri-tree-select__nav-item">
          <div class="buri-sidebar-item__text">福建
            <!---->
          </div>
        </a></div>
      <div class="buri-tree-select__content">
        <div class="buri-ellipsis buri-tree-select__item buri-tree-select__item--active">杭州<i class="buri-icon buri-icon-checked buri-tree-select__selected">
            <!----></i></div>
        <div class="buri-ellipsis buri-tree-select__item">温州</div>
        <div class="buri-ellipsis buri-tree-select__item buri-tree-select__item--disabled">宁波</div>
        <div class="buri-ellipsis buri-tree-select__item">义乌</div>
      </div>
    </div>
  </div>
  <div>
    <div class="buri-tree-select" style="height: 300px;">
      <div class="buri-sidebar buri-tree-select__nav"><a class="buri-sidebar-item buri-sidebar-item--select buri-tree-select__nav-item">
          <div class="buri-sidebar-item__text">浙江
            <!---->
          </div>
        </a><a class="buri-sidebar-item buri-tree-select__nav-item">
          <div class="buri-sidebar-item__text">江苏
            <!---->
          </div>
        </a><a class="buri-sidebar-item buri-sidebar-item--disabled buri-tree-select__nav-item">
          <div class="buri-sidebar-item__text">福建
            <!---->
          </div>
        </a></div>
      <div class="buri-tree-select__content">
        <div class="buri-ellipsis buri-tree-select__item buri-tree-select__item--active">杭州<i class="buri-icon buri-icon-checked buri-tree-select__selected">
            <!----></i></div>
        <div class="buri-ellipsis buri-tree-select__item buri-tree-select__item--active">温州<i class="buri-icon buri-icon-checked buri-tree-select__selected">
            <!----></i></div>
        <div class="buri-ellipsis buri-tree-select__item buri-tree-select__item--disabled">宁波</div>
        <div class="buri-ellipsis buri-tree-select__item">义乌</div>
      </div>
    </div>
  </div>
  <div>
    <div class="buri-tree-select" style="height: 55vw;">
      <div class="buri-sidebar buri-tree-select__nav"><a class="buri-sidebar-item buri-sidebar-item--select buri-tree-select__nav-item">
          <div class="buri-sidebar-item__text">分组 1
            <!---->
          </div>
        </a><a class="buri-sidebar-item buri-tree-select__nav-item">
          <div class="buri-sidebar-item__text">分组 2
            <!---->
          </div>
        </a></div>
      <div class="buri-tree-select__content">
        <div class="buri-image"><img src="https://img.yzcdn.cn/buri/apple-1.jpg" class="buri-image__img">
          <div class="buri-image__loading"><i class="buri-icon buri-icon-photo-o buri-image__loading-icon">
              <!----></i></div>
        </div>
        <!---->
      </div>
    </div>
  </div>
  <div>
    <div class="buri-tree-select" style="height: 55vw;">
      <div class="buri-sidebar buri-tree-select__nav"><a class="buri-sidebar-item buri-sidebar-item--select buri-tree-select__nav-item">
          <div class="buri-sidebar-item__text">浙江<div class="buri-info buri-info--dot buri-sidebar-item__info"></div>
          </div>
        </a><a class="buri-sidebar-item buri-tree-select__nav-item">
          <div class="buri-sidebar-item__text">江苏<div class="buri-info buri-sidebar-item__info">5</div>
          </div>
        </a></div>
      <div class="buri-tree-select__content">
        <div class="buri-ellipsis buri-tree-select__item buri-tree-select__item--active">杭州<i class="buri-icon buri-icon-checked buri-tree-select__selected">
            <!----></i></div>
        <div class="buri-ellipsis buri-tree-select__item">温州</div>
        <div class="buri-ellipsis buri-tree-select__item buri-tree-select__item--disabled">宁波</div>
        <div class="buri-ellipsis buri-tree-select__item">义乌</div>
      </div>
    </div>
  </div>
</div>
`;
