// Jest Snapshot v1, https://goo.gl/fbAQLP

exports[`renders demo correctly 1`] = `
<div>
  <div>
    <div role="alert" class="buri-notice-bar"><i class="buri-icon buri-icon-volume-o buri-notice-bar__left-icon">
        <!----></i>
      <div role="marquee" class="buri-notice-bar__wrap">
        <div class="buri-notice-bar__content" style="padding-left: 0px; animation-delay: 1s; animation-duration: 0s;">足协杯战线连续第2年上演广州德比战，上赛季半决赛上恒大以两回合5-3的总比分淘汰富力。</div>
      </div>
    </div>
  </div>
  <div>
    <div role="alert" class="buri-notice-bar">
      <div role="marquee" class="buri-notice-bar__wrap">
        <div class="buri-notice-bar__content buri-ellipsis" style="padding-left: 0px; animation-delay: 1s; animation-duration: 0s;">足协杯战线连续第2年上演广州德比战，上赛季半决赛上恒大以两回合5-3的总比分淘汰富力。</div>
      </div>
    </div>
  </div>
  <div>
    <div role="alert" class="buri-notice-bar buri-notice-bar--wrapable">
      <div role="marquee" class="buri-notice-bar__wrap">
        <div class="buri-notice-bar__content" style="padding-left: 0px; animation-delay: 1s; animation-duration: 0s;">足协杯战线连续第2年上演广州德比战，上赛季半决赛上恒大以两回合5-3的总比分淘汰富力。</div>
      </div>
    </div>
  </div>
  <div>
    <div role="alert" class="buri-notice-bar">
      <div role="marquee" class="buri-notice-bar__wrap">
        <div class="buri-notice-bar__content" style="padding-left: 0px; animation-delay: 1s; animation-duration: 0s;">足协杯战线连续第2年上演广州德比战，上赛季半决赛上恒大以两回合5-3的总比分淘汰富力。</div>
      </div><i class="buri-icon buri-icon-cross buri-notice-bar__right-icon">
        <!----></i>
    </div>
    <div role="alert" class="buri-notice-bar">
      <div role="marquee" class="buri-notice-bar__wrap">
        <div class="buri-notice-bar__content" style="padding-left: 0px; animation-delay: 1s; animation-duration: 0s;">足协杯战线连续第2年上演广州德比战，上赛季半决赛上恒大以两回合5-3的总比分淘汰富力。</div>
      </div><i class="buri-icon buri-icon-arrow buri-notice-bar__right-icon">
        <!----></i>
    </div>
  </div>
  <div>
    <div role="alert" class="buri-notice-bar" style="color: rgb(25, 137, 250); background: rgb(236, 249, 255);"><i class="buri-icon buri-icon-info-o buri-notice-bar__left-icon">
        <!----></i>
      <div role="marquee" class="buri-notice-bar__wrap">
        <div class="buri-notice-bar__content" style="padding-left: 0px; animation-delay: 1s; animation-duration: 0s;">足协杯战线连续第2年上演广州德比战，上赛季半决赛上恒大以两回合5-3的总比分淘汰富力。</div>
      </div>
    </div>
  </div>
</div>
`;
