// Jest Snapshot v1, https://goo.gl/fbAQLP

exports[`close-icon prop 1`] = `
<div class="buri-popup buri-popup--center" name="buri-fade"><i role="button" tabindex="0" class="buri-icon buri-icon-success buri-popup__close-icon buri-popup__close-icon--top-right">
    <!----></i></div>
`;

exports[`duration prop 1`] = `<div class="buri-popup buri-popup--center" style="transition-duration: 0.5s;" name="buri-fade"></div>`;

exports[`reset z-index 1`] = `<div class="buri-popup buri-popup--center" name="buri-fade"></div>`;

exports[`round prop 1`] = `<div class="buri-popup buri-popup--round buri-popup--center" name="buri-fade"></div>`;
