// Jest Snapshot v1, https://goo.gl/fbAQLP

exports[`renders demo correctly 1`] = `
<div>
  <div><button class="buri-button buri-button--primary buri-button--normal"><span class="buri-button__text">文字提示</span></button> <button class="buri-button buri-button--primary buri-button--normal"><span class="buri-button__text">长文字提示</span></button></div>
  <div><button class="buri-button buri-button--primary buri-button--normal"><span class="buri-button__text">加载提示</span></button> <button class="buri-button buri-button--primary buri-button--normal"><span class="buri-button__text">自定义加载图标</span></button></div>
  <div><button class="buri-button buri-button--info buri-button--normal"><span class="buri-button__text">成功提示</span></button> <button class="buri-button buri-button--danger buri-button--normal"><span class="buri-button__text">失败提示</span></button></div>
  <div><button class="buri-button buri-button--primary buri-button--normal"><span class="buri-button__text">自定义图标</span></button> <button class="buri-button buri-button--primary buri-button--normal"><span class="buri-button__text">展示图片</span></button></div>
  <div><button class="buri-button buri-button--primary buri-button--normal"><span class="buri-button__text">动态更新提示</span></button></div>
</div>
`;
