// Jest Snapshot v1, https://goo.gl/fbAQLP

exports[`renders demo correctly 1`] = `
<div>
  <div>
    <div class="buri-grid buri-hairline--top">
      <div class="buri-grid-item" style="flex-basis: 25%;">
        <div class="buri-grid-item__content buri-grid-item__content--center buri-hairline"><i class="buri-icon buri-icon-photo-o buri-grid-item__icon">
            <!----></i><span class="buri-grid-item__text">文字</span></div>
      </div>
      <div class="buri-grid-item" style="flex-basis: 25%;">
        <div class="buri-grid-item__content buri-grid-item__content--center buri-hairline"><i class="buri-icon buri-icon-photo-o buri-grid-item__icon">
            <!----></i><span class="buri-grid-item__text">文字</span></div>
      </div>
      <div class="buri-grid-item" style="flex-basis: 25%;">
        <div class="buri-grid-item__content buri-grid-item__content--center buri-hairline"><i class="buri-icon buri-icon-photo-o buri-grid-item__icon">
            <!----></i><span class="buri-grid-item__text">文字</span></div>
      </div>
      <div class="buri-grid-item" style="flex-basis: 25%;">
        <div class="buri-grid-item__content buri-grid-item__content--center buri-hairline"><i class="buri-icon buri-icon-photo-o buri-grid-item__icon">
            <!----></i><span class="buri-grid-item__text">文字</span></div>
      </div>
    </div>
  </div>
  <div>
    <div class="buri-grid buri-hairline--top">
      <div class="buri-grid-item" style="flex-basis: 33.333333333333336%;">
        <div class="buri-grid-item__content buri-grid-item__content--center buri-hairline"><i class="buri-icon buri-icon-photo-o buri-grid-item__icon">
            <!----></i><span class="buri-grid-item__text">文字</span></div>
      </div>
      <div class="buri-grid-item" style="flex-basis: 33.333333333333336%;">
        <div class="buri-grid-item__content buri-grid-item__content--center buri-hairline"><i class="buri-icon buri-icon-photo-o buri-grid-item__icon">
            <!----></i><span class="buri-grid-item__text">文字</span></div>
      </div>
      <div class="buri-grid-item" style="flex-basis: 33.333333333333336%;">
        <div class="buri-grid-item__content buri-grid-item__content--center buri-hairline"><i class="buri-icon buri-icon-photo-o buri-grid-item__icon">
            <!----></i><span class="buri-grid-item__text">文字</span></div>
      </div>
      <div class="buri-grid-item" style="flex-basis: 33.333333333333336%;">
        <div class="buri-grid-item__content buri-grid-item__content--center buri-hairline"><i class="buri-icon buri-icon-photo-o buri-grid-item__icon">
            <!----></i><span class="buri-grid-item__text">文字</span></div>
      </div>
      <div class="buri-grid-item" style="flex-basis: 33.333333333333336%;">
        <div class="buri-grid-item__content buri-grid-item__content--center buri-hairline"><i class="buri-icon buri-icon-photo-o buri-grid-item__icon">
            <!----></i><span class="buri-grid-item__text">文字</span></div>
      </div>
      <div class="buri-grid-item" style="flex-basis: 33.333333333333336%;">
        <div class="buri-grid-item__content buri-grid-item__content--center buri-hairline"><i class="buri-icon buri-icon-photo-o buri-grid-item__icon">
            <!----></i><span class="buri-grid-item__text">文字</span></div>
      </div>
    </div>
  </div>
  <div>
    <div class="buri-grid">
      <div class="buri-grid-item" style="flex-basis: 33.333333333333336%;">
        <div class="buri-grid-item__content buri-grid-item__content--center">
          <div class="buri-image"><img src="https://img.yzcdn.cn/buri/apple-1.jpg" class="buri-image__img" style="object-fit: contain;">
            <div class="buri-image__loading"><i class="buri-icon buri-icon-photo-o buri-image__loading-icon">
                <!----></i></div>
          </div>
        </div>
      </div>
      <div class="buri-grid-item" style="flex-basis: 33.333333333333336%;">
        <div class="buri-grid-item__content buri-grid-item__content--center">
          <div class="buri-image"><img src="https://img.yzcdn.cn/buri/apple-2.jpg" class="buri-image__img" style="object-fit: contain;">
            <div class="buri-image__loading"><i class="buri-icon buri-icon-photo-o buri-image__loading-icon">
                <!----></i></div>
          </div>
        </div>
      </div>
      <div class="buri-grid-item" style="flex-basis: 33.333333333333336%;">
        <div class="buri-grid-item__content buri-grid-item__content--center">
          <div class="buri-image"><img src="https://img.yzcdn.cn/buri/apple-3.jpg" class="buri-image__img" style="object-fit: contain;">
            <div class="buri-image__loading"><i class="buri-icon buri-icon-photo-o buri-image__loading-icon">
                <!----></i></div>
          </div>
        </div>
      </div>
    </div>
  </div>
  <div>
    <div class="buri-grid buri-hairline--top">
      <div class="buri-grid-item buri-grid-item--square" style="flex-basis: 25%; padding-top: 25%;">
        <div class="buri-grid-item__content buri-grid-item__content--center buri-grid-item__content--square buri-hairline"><i class="buri-icon buri-icon-photo-o buri-grid-item__icon">
            <!----></i><span class="buri-grid-item__text">文字</span></div>
      </div>
      <div class="buri-grid-item buri-grid-item--square" style="flex-basis: 25%; padding-top: 25%;">
        <div class="buri-grid-item__content buri-grid-item__content--center buri-grid-item__content--square buri-hairline"><i class="buri-icon buri-icon-photo-o buri-grid-item__icon">
            <!----></i><span class="buri-grid-item__text">文字</span></div>
      </div>
      <div class="buri-grid-item buri-grid-item--square" style="flex-basis: 25%; padding-top: 25%;">
        <div class="buri-grid-item__content buri-grid-item__content--center buri-grid-item__content--square buri-hairline"><i class="buri-icon buri-icon-photo-o buri-grid-item__icon">
            <!----></i><span class="buri-grid-item__text">文字</span></div>
      </div>
      <div class="buri-grid-item buri-grid-item--square" style="flex-basis: 25%; padding-top: 25%;">
        <div class="buri-grid-item__content buri-grid-item__content--center buri-grid-item__content--square buri-hairline"><i class="buri-icon buri-icon-photo-o buri-grid-item__icon">
            <!----></i><span class="buri-grid-item__text">文字</span></div>
      </div>
      <div class="buri-grid-item buri-grid-item--square" style="flex-basis: 25%; padding-top: 25%;">
        <div class="buri-grid-item__content buri-grid-item__content--center buri-grid-item__content--square buri-hairline"><i class="buri-icon buri-icon-photo-o buri-grid-item__icon">
            <!----></i><span class="buri-grid-item__text">文字</span></div>
      </div>
      <div class="buri-grid-item buri-grid-item--square" style="flex-basis: 25%; padding-top: 25%;">
        <div class="buri-grid-item__content buri-grid-item__content--center buri-grid-item__content--square buri-hairline"><i class="buri-icon buri-icon-photo-o buri-grid-item__icon">
            <!----></i><span class="buri-grid-item__text">文字</span></div>
      </div>
      <div class="buri-grid-item buri-grid-item--square" style="flex-basis: 25%; padding-top: 25%;">
        <div class="buri-grid-item__content buri-grid-item__content--center buri-grid-item__content--square buri-hairline"><i class="buri-icon buri-icon-photo-o buri-grid-item__icon">
            <!----></i><span class="buri-grid-item__text">文字</span></div>
      </div>
      <div class="buri-grid-item buri-grid-item--square" style="flex-basis: 25%; padding-top: 25%;">
        <div class="buri-grid-item__content buri-grid-item__content--center buri-grid-item__content--square buri-hairline"><i class="buri-icon buri-icon-photo-o buri-grid-item__icon">
            <!----></i><span class="buri-grid-item__text">文字</span></div>
      </div>
    </div>
  </div>
  <div>
    <div class="buri-grid" style="padding-left: 10px;">
      <div class="buri-grid-item" style="flex-basis: 25%; padding-right: 10px;">
        <div class="buri-grid-item__content buri-grid-item__content--center buri-grid-item__content--surround buri-hairline"><i class="buri-icon buri-icon-photo-o buri-grid-item__icon">
            <!----></i><span class="buri-grid-item__text">文字</span></div>
      </div>
      <div class="buri-grid-item" style="flex-basis: 25%; padding-right: 10px;">
        <div class="buri-grid-item__content buri-grid-item__content--center buri-grid-item__content--surround buri-hairline"><i class="buri-icon buri-icon-photo-o buri-grid-item__icon">
            <!----></i><span class="buri-grid-item__text">文字</span></div>
      </div>
      <div class="buri-grid-item" style="flex-basis: 25%; padding-right: 10px;">
        <div class="buri-grid-item__content buri-grid-item__content--center buri-grid-item__content--surround buri-hairline"><i class="buri-icon buri-icon-photo-o buri-grid-item__icon">
            <!----></i><span class="buri-grid-item__text">文字</span></div>
      </div>
      <div class="buri-grid-item" style="flex-basis: 25%; padding-right: 10px;">
        <div class="buri-grid-item__content buri-grid-item__content--center buri-grid-item__content--surround buri-hairline"><i class="buri-icon buri-icon-photo-o buri-grid-item__icon">
            <!----></i><span class="buri-grid-item__text">文字</span></div>
      </div>
      <div class="buri-grid-item" style="flex-basis: 25%; padding-right: 10px; margin-top: 10px;">
        <div class="buri-grid-item__content buri-grid-item__content--center buri-grid-item__content--surround buri-hairline"><i class="buri-icon buri-icon-photo-o buri-grid-item__icon">
            <!----></i><span class="buri-grid-item__text">文字</span></div>
      </div>
      <div class="buri-grid-item" style="flex-basis: 25%; padding-right: 10px; margin-top: 10px;">
        <div class="buri-grid-item__content buri-grid-item__content--center buri-grid-item__content--surround buri-hairline"><i class="buri-icon buri-icon-photo-o buri-grid-item__icon">
            <!----></i><span class="buri-grid-item__text">文字</span></div>
      </div>
      <div class="buri-grid-item" style="flex-basis: 25%; padding-right: 10px; margin-top: 10px;">
        <div class="buri-grid-item__content buri-grid-item__content--center buri-grid-item__content--surround buri-hairline"><i class="buri-icon buri-icon-photo-o buri-grid-item__icon">
            <!----></i><span class="buri-grid-item__text">文字</span></div>
      </div>
      <div class="buri-grid-item" style="flex-basis: 25%; padding-right: 10px; margin-top: 10px;">
        <div class="buri-grid-item__content buri-grid-item__content--center buri-grid-item__content--surround buri-hairline"><i class="buri-icon buri-icon-photo-o buri-grid-item__icon">
            <!----></i><span class="buri-grid-item__text">文字</span></div>
      </div>
    </div>
  </div>
  <div>
    <div class="buri-grid buri-hairline--top">
      <div class="buri-grid-item" style="flex-basis: 50%;">
        <div role="button" tabindex="0" class="buri-grid-item__content buri-grid-item__content--center buri-grid-item__content--clickable buri-hairline"><i class="buri-icon buri-icon-home-o buri-grid-item__icon">
            <!----></i><span class="buri-grid-item__text">路由跳转</span></div>
      </div>
      <div class="buri-grid-item" style="flex-basis: 50%;">
        <div role="button" tabindex="0" class="buri-grid-item__content buri-grid-item__content--center buri-grid-item__content--clickable buri-hairline"><i class="buri-icon buri-icon-search buri-grid-item__icon">
            <!----></i><span class="buri-grid-item__text">URL 跳转</span></div>
      </div>
    </div>
  </div>
  <div>
    <div class="buri-grid buri-hairline--top">
      <div class="buri-grid-item" style="flex-basis: 50%;">
        <div class="buri-grid-item__content buri-grid-item__content--center buri-hairline"><i class="buri-icon buri-icon-home-o buri-grid-item__icon">
            <div class="buri-info buri-info--dot"></div>
          </i><span class="buri-grid-item__text">文字</span></div>
      </div>
      <div class="buri-grid-item" style="flex-basis: 50%;">
        <div class="buri-grid-item__content buri-grid-item__content--center buri-hairline"><i class="buri-icon buri-icon-search buri-grid-item__icon">
            <div class="buri-info">99+</div>
          </i><span class="buri-grid-item__text">文字</span></div>
      </div>
    </div>
  </div>
</div>
`;
