// Jest Snapshot v1, https://goo.gl/fbAQLP

exports[`renders demo correctly 1`] = `
<div>
  <div>
    <ul class="buri-pagination">
      <li class="buri-pagination__item buri-pagination__item--disabled buri-pagination__prev buri-hairline">上一页</li>
      <li class="buri-pagination__item buri-pagination__item--active buri-pagination__page buri-hairline">1</li>
      <li class="buri-pagination__item buri-pagination__page buri-hairline">2</li>
      <li class="buri-pagination__item buri-pagination__page buri-hairline">3</li>
      <li class="buri-pagination__item buri-pagination__page buri-hairline">4</li>
      <li class="buri-pagination__item buri-pagination__page buri-hairline">5</li>
      <li class="buri-pagination__item buri-pagination__next buri-hairline">下一页</li>
    </ul>
  </div>
  <div>
    <ul class="buri-pagination buri-pagination--simple" size="small">
      <li class="buri-pagination__item buri-pagination__item--disabled buri-pagination__prev buri-hairline">上一页</li>
      <li class="buri-pagination__page-desc">1/12</li>
      <li class="buri-pagination__item buri-pagination__next buri-hairline">下一页</li>
    </ul>
  </div>
  <div>
    <ul class="buri-pagination">
      <li class="buri-pagination__item buri-pagination__item--disabled buri-pagination__prev buri-hairline">上一页</li>
      <li class="buri-pagination__item buri-pagination__item--active buri-pagination__page buri-hairline">1</li>
      <li class="buri-pagination__item buri-pagination__page buri-hairline">2</li>
      <li class="buri-pagination__item buri-pagination__page buri-hairline">3</li>
      <li class="buri-pagination__item buri-pagination__page buri-hairline">...</li>
      <li class="buri-pagination__item buri-pagination__next buri-hairline">下一页</li>
    </ul>
  </div>
</div>
`;
