// Jest Snapshot v1, https://goo.gl/fbAQLP

exports[`renders demo correctly 1`] = `
<div>
  <div>
    <div role="button" tabindex="0" class="buri-cell buri-cell--clickable buri-cell--center buri-cell--borderless buri-contact-card buri-contact-card--add"><i class="buri-icon buri-icon-add-square buri-cell__left-icon">
        <!----></i>
      <div class="buri-cell__value buri-cell__value--alone buri-contact-card__value">添加联系人</div><i class="buri-icon buri-icon-arrow buri-cell__right-icon">
        <!----></i>
    </div>
    <div class="buri-popup buri-popup--bottom" style="display: none;" name="buri-popup-slide-bottom">
      <div class="buri-contact-list">
        <div role="radiogroup" class="buri-radio-group buri-contact-list__group">
          <div role="button" tabindex="0" class="buri-cell buri-cell--clickable buri-cell--center buri-contact-list__item"><i class="buri-icon buri-icon-edit buri-contact-list__edit">
              <!----></i>
            <div class="buri-cell__value buri-cell__value--alone buri-contact-list__item-value">张三，13000000000<span class="buri-tag buri-tag--round buri-tag--danger buri-contact-list__item-tag">默认</span></div>
            <div role="radio" tabindex="-1" aria-checked="false" class="buri-radio">
              <div class="buri-radio__icon buri-radio__icon--round" style="font-size: 16px;"><i class="buri-icon buri-icon-success">
                  <!----></i></div>
            </div>
          </div>
        </div>
        <div class="buri-contact-list__bottom"><button class="buri-button buri-button--danger buri-button--normal buri-button--block buri-button--round buri-contact-list__add"><span class="buri-button__text">新建联系人</span></button></div>
      </div>
    </div>
    <div class="buri-popup buri-popup--bottom" style="display: none;" name="buri-popup-slide-bottom">
      <div class="buri-contact-edit">
        <div class="buri-contact-edit__fields">
          <div class="buri-cell buri-field">
            <div class="buri-cell__title buri-field__label"><span>张三</span></div>
            <div class="buri-cell__value">
              <div class="buri-field__body"><input type="text" placeholder="请填写姓名" class="buri-field__control"></div>
            </div>
          </div>
          <div class="buri-cell buri-field">
            <div class="buri-cell__title buri-field__label"><span>电话</span></div>
            <div class="buri-cell__value">
              <div class="buri-field__body"><input type="tel" placeholder="请填写电话" class="buri-field__control"></div>
            </div>
          </div>
        </div>
        <div class="buri-cell buri-cell--borderless buri-contact-edit__switch-cell">
          <div class="buri-cell__title"><span>设为默认联系人</span></div>
          <div class="buri-cell__value">
            <div role="switch" aria-checked="false" class="buri-switch" style="font-size: 24px;">
              <div class="buri-switch__node"></div>
            </div>
          </div>
        </div>
        <div class="buri-contact-edit__buttons"><button class="buri-button buri-button--danger buri-button--normal buri-button--block buri-button--round"><span class="buri-button__text">保存</span></button></div>
      </div>
    </div>
  </div>
  <div>
    <div class="buri-cell buri-cell--center buri-cell--borderless buri-contact-card buri-contact-card--edit"><i class="buri-icon buri-icon-contact buri-cell__left-icon">
        <!----></i>
      <div class="buri-cell__value buri-cell__value--alone buri-contact-card__value">
        <div>张三：张三</div>
        <div>电话：13000000000</div>
      </div>
    </div>
  </div>
</div>
`;
