// Jest Snapshot v1, https://goo.gl/fbAQLP

exports[`ContactList render 1`] = `
<div class="buri-contact-list">
  <div role="radiogroup" class="buri-radio-group buri-contact-list__group">
    <div role="button" tabindex="0" class="buri-cell buri-cell--clickable buri-cell--center buri-contact-list__item"><i class="buri-icon buri-icon-edit buri-contact-list__edit">
        <!----></i>
      <div class="buri-cell__value buri-cell__value--alone buri-contact-list__item-value">test，123123213</div>
      <div role="radio" tabindex="0" aria-checked="true" class="buri-radio">
        <div class="buri-radio__icon buri-radio__icon--round buri-radio__icon--checked" style="font-size: 16px;"><i class="buri-icon buri-icon-success" style="border-color: #ee0a24; background-color: rgb(238, 10, 36);">
            <!----></i></div>
      </div>
    </div>
  </div>
  <div class="buri-contact-list__bottom"><button class="buri-button buri-button--danger buri-button--normal buri-button--block buri-button--round buri-contact-list__add"><span class="buri-button__text">新建联系人</span></button></div>
</div>
`;
