// Jest Snapshot v1, https://goo.gl/fbAQLP

exports[`renders demo correctly 1`] = `
<div>
  <div>
    <div role="radiogroup" class="demo-radio-group buri-radio-group">
      <div role="radio" tabindex="0" aria-checked="true" class="buri-radio">
        <div class="buri-radio__icon buri-radio__icon--round buri-radio__icon--checked"><i class="buri-icon buri-icon-success">
            <!----></i></div><span class="buri-radio__label">单选框 1</span>
      </div>
      <div role="radio" tabindex="-1" aria-checked="false" class="buri-radio">
        <div class="buri-radio__icon buri-radio__icon--round"><i class="buri-icon buri-icon-success">
            <!----></i></div><span class="buri-radio__label">单选框 2</span>
      </div>
    </div>
  </div>
  <div>
    <div role="radiogroup" class="demo-radio-group buri-radio-group">
      <div role="radio" tabindex="-1" aria-checked="false" class="buri-radio buri-radio--disabled">
        <div class="buri-radio__icon buri-radio__icon--round buri-radio__icon--disabled"><i class="buri-icon buri-icon-success">
            <!----></i></div><span class="buri-radio__label buri-radio__label--disabled">单选框 1</span>
      </div>
      <div role="radio" tabindex="-1" aria-checked="true" class="buri-radio buri-radio--disabled">
        <div class="buri-radio__icon buri-radio__icon--round buri-radio__icon--disabled buri-radio__icon--checked"><i class="buri-icon buri-icon-success">
            <!----></i></div><span class="buri-radio__label buri-radio__label--disabled">单选框 2</span>
      </div>
    </div>
  </div>
  <div>
    <div role="radiogroup" class="demo-radio-group buri-radio-group">
      <div role="radio" tabindex="0" aria-checked="true" class="buri-radio buri-radio--label-disabled">
        <div class="buri-radio__icon buri-radio__icon--round buri-radio__icon--checked"><i class="buri-icon buri-icon-success">
            <!----></i></div><span class="buri-radio__label">单选框 1</span>
      </div>
      <div role="radio" tabindex="-1" aria-checked="false" class="buri-radio buri-radio--label-disabled">
        <div class="buri-radio__icon buri-radio__icon--round"><i class="buri-icon buri-icon-success">
            <!----></i></div><span class="buri-radio__label">单选框 2</span>
      </div>
    </div>
  </div>
  <div>
    <div role="radiogroup" class="demo-radio-group buri-radio-group">
      <div role="radio" tabindex="0" aria-checked="true" class="buri-radio">
        <div class="buri-radio__icon buri-radio__icon--square buri-radio__icon--checked"><i class="buri-icon buri-icon-success">
            <!----></i></div><span class="buri-radio__label">单选框 1</span>
      </div>
      <div role="radio" tabindex="-1" aria-checked="false" class="buri-radio">
        <div class="buri-radio__icon buri-radio__icon--square"><i class="buri-icon buri-icon-success">
            <!----></i></div><span class="buri-radio__label">单选框 2</span>
      </div>
    </div>
  </div>
  <div>
    <div role="radiogroup" class="demo-radio-group buri-radio-group">
      <div role="radio" tabindex="0" aria-checked="true" class="buri-radio">
        <div class="buri-radio__icon buri-radio__icon--round buri-radio__icon--checked"><i class="buri-icon buri-icon-success" style="border-color: #07c160; background-color: rgb(7, 193, 96);">
            <!----></i></div><span class="buri-radio__label">单选框 1</span>
      </div>
      <div role="radio" tabindex="-1" aria-checked="false" class="buri-radio">
        <div class="buri-radio__icon buri-radio__icon--round"><i class="buri-icon buri-icon-success">
            <!----></i></div><span class="buri-radio__label">单选框 2</span>
      </div>
    </div>
  </div>
  <div>
    <div role="radiogroup" class="demo-radio-group buri-radio-group">
      <div role="radio" tabindex="0" aria-checked="true" class="buri-radio">
        <div class="buri-radio__icon buri-radio__icon--round buri-radio__icon--checked"><img src="https://img.yzcdn.cn/buri/user-active.png"></div><span class="buri-radio__label">
        单选框 1
        </span>
      </div>
      <div role="radio" tabindex="-1" aria-checked="false" class="buri-radio">
        <div class="buri-radio__icon buri-radio__icon--round"><img src="https://img.yzcdn.cn/buri/user-inactive.png"></div><span class="buri-radio__label">
        单选框 2
        </span>
      </div>
    </div>
  </div>
  <div>
    <div role="radiogroup" class="demo-radio-group buri-radio-group">
      <div role="radio" tabindex="0" aria-checked="true" class="buri-radio">
        <div class="buri-radio__icon buri-radio__icon--round buri-radio__icon--checked" style="font-size: 24px;"><i class="buri-icon buri-icon-success" style="border-color: #07c160; background-color: rgb(7, 193, 96);">
            <!----></i></div><span class="buri-radio__label">
        单选框 1
      </span>
      </div>
      <div role="radio" tabindex="-1" aria-checked="false" class="buri-radio">
        <div class="buri-radio__icon buri-radio__icon--round" style="font-size: 24px;"><i class="buri-icon buri-icon-success">
            <!----></i></div><span class="buri-radio__label">
        单选框 2
      </span>
      </div>
    </div>
  </div>
  <div>
    <div role="radiogroup" class="buri-radio-group">
      <div class="buri-cell-group buri-hairline--top-bottom">
        <div role="button" tabindex="0" class="buri-cell buri-cell--clickable">
          <div class="buri-cell__title"><span>单选框1</span></div>
          <div role="radio" tabindex="0" aria-checked="true" class="buri-radio">
            <div class="buri-radio__icon buri-radio__icon--round buri-radio__icon--checked"><i class="buri-icon buri-icon-success">
                <!----></i></div>
          </div>
        </div>
        <div role="button" tabindex="0" class="buri-cell buri-cell--clickable">
          <div class="buri-cell__title"><span>单选框2</span></div>
          <div role="radio" tabindex="-1" aria-checked="false" class="buri-radio">
            <div class="buri-radio__icon buri-radio__icon--round"><i class="buri-icon buri-icon-success">
                <!----></i></div>
          </div>
        </div>
      </div>
    </div>
  </div>
</div>
`;
