// Jest Snapshot v1, https://goo.gl/fbAQLP

exports[`renders demo correctly 1`] = `
<div>
  <div>
    <div class="buri-collapse buri-hairline--top-bottom">
      <div class="buri-collapse-item">
        <div role="button" tabindex="0" aria-expanded="true" class="buri-cell buri-cell--clickable buri-collapse-item__title buri-collapse-item__title--expanded">
          <div class="buri-cell__title"><span>标题1</span></div><i class="buri-icon buri-icon-arrow buri-cell__right-icon">
            <!----></i>
        </div>
        <div class="buri-collapse-item__wrapper">
          <div class="buri-collapse-item__content">代码是写出来给人看的，附带能在机器上运行</div>
        </div>
      </div>
      <div class="buri-collapse-item buri-hairline--top">
        <div role="button" tabindex="0" aria-expanded="false" class="buri-cell buri-cell--clickable buri-collapse-item__title">
          <div class="buri-cell__title"><span>标题2</span></div><i class="buri-icon buri-icon-arrow buri-cell__right-icon">
            <!----></i>
        </div>
      </div>
      <div class="buri-collapse-item buri-hairline--top">
        <div role="button" tabindex="-1" aria-expanded="false" class="buri-cell buri-cell--clickable buri-collapse-item__title buri-collapse-item__title--disabled">
          <div class="buri-cell__title"><span>标题3</span></div><i class="buri-icon buri-icon-arrow buri-cell__right-icon">
            <!----></i>
        </div>
      </div>
    </div>
  </div>
  <div>
    <div class="buri-collapse buri-hairline--top-bottom">
      <div class="buri-collapse-item">
        <div role="button" tabindex="0" aria-expanded="true" class="buri-cell buri-cell--clickable buri-collapse-item__title buri-collapse-item__title--expanded">
          <div class="buri-cell__title"><span>标题1</span></div><i class="buri-icon buri-icon-arrow buri-cell__right-icon">
            <!----></i>
        </div>
        <div class="buri-collapse-item__wrapper">
          <div class="buri-collapse-item__content">代码是写出来给人看的，附带能在机器上运行</div>
        </div>
      </div>
      <div class="buri-collapse-item buri-hairline--top">
        <div role="button" tabindex="0" aria-expanded="false" class="buri-cell buri-cell--clickable buri-collapse-item__title">
          <div class="buri-cell__title"><span>标题2</span></div><i class="buri-icon buri-icon-arrow buri-cell__right-icon">
            <!----></i>
        </div>
      </div>
      <div class="buri-collapse-item buri-hairline--top">
        <div role="button" tabindex="0" aria-expanded="false" class="buri-cell buri-cell--clickable buri-collapse-item__title">
          <div class="buri-cell__title"><span>标题3</span></div><i class="buri-icon buri-icon-arrow buri-cell__right-icon">
            <!----></i>
        </div>
      </div>
    </div>
  </div>
  <div>
    <div class="buri-collapse buri-hairline--top-bottom">
      <div class="buri-collapse-item">
        <div role="button" tabindex="0" aria-expanded="false" class="buri-cell buri-cell--clickable buri-collapse-item__title">
          <div class="buri-cell__title">
            标题1<i class="buri-icon buri-icon-question-o">
              <!----></i></div><i class="buri-icon buri-icon-arrow buri-cell__right-icon">
            <!----></i>
        </div>
      </div>
      <div class="buri-collapse-item buri-hairline--top">
        <div role="button" tabindex="0" aria-expanded="false" class="buri-cell buri-cell--clickable buri-collapse-item__title"><i class="buri-icon buri-icon-shop-o buri-cell__left-icon">
            <!----></i>
          <div class="buri-cell__title"><span>标题2</span></div>
          <div class="buri-cell__value"><span>内容</span></div><i class="buri-icon buri-icon-arrow buri-cell__right-icon">
            <!----></i>
        </div>
      </div>
    </div>
  </div>
</div>
`;
