// Jest Snapshot v1, https://goo.gl/fbAQLP

exports[`renders demo correctly 1`] = `
<div>
  <div>
    <div class="buri-submit-bar">
      <div class="buri-submit-bar__bar">
        <div class="buri-submit-bar__text"><span>合计：</span><span class="buri-submit-bar__price">¥<span class="buri-submit-bar__price buri-submit-bar__price--integer">30</span>.50</span></div><button class="buri-button buri-button--danger buri-button--normal buri-button--round buri-submit-bar__button buri-submit-bar__button--danger"><span class="buri-button__text">提交订单</span></button>
      </div>
    </div>
  </div>
  <div>
    <div class="buri-submit-bar">
      <div class="buri-submit-bar__tip"><i class="buri-icon buri-icon-info-o buri-submit-bar__tip-icon">
          <!----></i><span class="buri-submit-bar__tip-text">你的收货地址不支持同城送, 我们已为你推荐快递</span></div>
      <div class="buri-submit-bar__bar">
        <div class="buri-submit-bar__text"><span>合计：</span><span class="buri-submit-bar__price">¥<span class="buri-submit-bar__price buri-submit-bar__price--integer">30</span>.50</span></div><button disabled="disabled" class="buri-button buri-button--danger buri-button--normal buri-button--disabled buri-button--round buri-submit-bar__button buri-submit-bar__button--danger"><span class="buri-button__text">提交订单</span></button>
      </div>
    </div>
  </div>
  <div>
    <div class="buri-submit-bar">
      <div class="buri-submit-bar__bar">
        <div class="buri-submit-bar__text"><span>合计：</span><span class="buri-submit-bar__price">¥<span class="buri-submit-bar__price buri-submit-bar__price--integer">30</span>.50</span></div><button class="buri-button buri-button--danger buri-button--normal buri-button--loading buri-button--round buri-submit-bar__button buri-submit-bar__button--danger">
          <div class="buri-loading buri-loading--circular buri-button__loading"><span class="buri-loading__spinner buri-loading__spinner--circular" style="color: currentColor; width: 20px; height: 20px;"><svg viewBox="25 25 50 50" class="buri-loading__circular"><circle cx="50" cy="50" r="20" fill="none"></circle></svg></span></div>
        </button>
      </div>
    </div>
  </div>
  <div>
    <div class="buri-submit-bar">
      <div class="buri-submit-bar__tip">
        你的收货地址不支持同城送,
        <span class="edit-address">
          修改地址
        </span></div>
      <div class="buri-submit-bar__bar">
        <div role="checkbox" tabindex="0" aria-checked="true" class="buri-checkbox">
          <div class="buri-checkbox__icon buri-checkbox__icon--round buri-checkbox__icon--checked"><i class="buri-icon buri-icon-success">
              <!----></i></div><span class="buri-checkbox__label">全选</span>
        </div>
        <div class="buri-submit-bar__text"><span>合计：</span><span class="buri-submit-bar__price">¥<span class="buri-submit-bar__price buri-submit-bar__price--integer">30</span>.50</span></div><button class="buri-button buri-button--danger buri-button--normal buri-button--round buri-submit-bar__button buri-submit-bar__button--danger"><span class="buri-button__text">提交订单</span></button>
      </div>
    </div>
  </div>
</div>
`;
