// Jest Snapshot v1, https://goo.gl/fbAQLP

exports[`renders demo correctly 1`] = `
<div>
  <div><span class="buri-tag buri-tag--default">标签</span> <span class="buri-tag buri-tag--primary">标签</span> <span class="buri-tag buri-tag--success">标签</span> <span class="buri-tag buri-tag--danger">标签</span> <span class="buri-tag buri-tag--warning">标签</span></div>
  <div><span class="buri-tag buri-tag--round buri-tag--default">标签</span> <span class="buri-tag buri-tag--round buri-tag--primary">标签</span> <span class="buri-tag buri-tag--round buri-tag--success">标签</span> <span class="buri-tag buri-tag--round buri-tag--danger">标签</span> <span class="buri-tag buri-tag--round buri-tag--warning">标签</span></div>
  <div><span class="buri-tag buri-tag--mark buri-tag--default">标签</span> <span class="buri-tag buri-tag--mark buri-tag--primary">标签</span> <span class="buri-tag buri-tag--mark buri-tag--success">标签</span> <span class="buri-tag buri-tag--mark buri-tag--danger">标签</span> <span class="buri-tag buri-tag--mark buri-tag--warning">标签</span></div>
  <div><span class="buri-tag buri-tag--plain buri-tag--default buri-hairline--surround">标签</span> <span class="buri-tag buri-tag--plain buri-tag--primary buri-hairline--surround">标签</span> <span class="buri-tag buri-tag--plain buri-tag--success buri-hairline--surround">标签</span> <span class="buri-tag buri-tag--plain buri-tag--danger buri-hairline--surround">标签</span> <span class="buri-tag buri-tag--plain buri-tag--warning buri-hairline--surround">标签</span></div>
  <div><span class="buri-tag buri-tag--default" style="background-color: rgb(242, 130, 106);">标签</span> <span class="buri-tag buri-tag--plain buri-tag--default buri-hairline--surround" style="color: rgb(242, 130, 106);">标签</span> <span class="buri-tag buri-tag--default" style="background-color: rgb(114, 50, 221);">标签</span> <span class="buri-tag buri-tag--plain buri-tag--default buri-hairline--surround" style="color: rgb(114, 50, 221);">标签</span> <span class="buri-tag buri-tag--default" style="background-color: rgb(255, 225, 225); color: rgb(173, 0, 0);">标签</span></div>
  <div><span class="buri-tag buri-tag--success">标签</span> <span class="buri-tag buri-tag--medium buri-tag--success">标签</span> <span class="buri-tag buri-tag--large buri-tag--success">标签</span></div>
  <div><span class="buri-tag buri-tag--medium buri-tag--primary" name="buri-fade">
      标签
    <i class="buri-icon buri-icon-cross buri-tag__close"><!----></i></span> <span class="buri-tag buri-tag--medium buri-tag--success" name="buri-fade">
      标签
    <i class="buri-icon buri-icon-cross buri-tag__close"><!----></i></span></div>
</div>
`;
