// Jest Snapshot v1, https://goo.gl/fbAQLP

exports[`renders demo correctly 1`] = `
<div>
  <div>
    <div class="buri-hairline--top-bottom buri-tabbar buri-tabbar--fixed" style="z-index: 1;">
      <div class="buri-tabbar-item buri-tabbar-item--active">
        <div class="buri-tabbar-item__icon"><i class="buri-icon buri-icon-home-o">
            <!----></i>
          <!---->
        </div>
        <div class="buri-tabbar-item__text">标签</div>
      </div>
      <div class="buri-tabbar-item">
        <div class="buri-tabbar-item__icon"><i class="buri-icon buri-icon-search">
            <!----></i>
          <!---->
        </div>
        <div class="buri-tabbar-item__text">标签</div>
      </div>
      <div class="buri-tabbar-item">
        <div class="buri-tabbar-item__icon"><i class="buri-icon buri-icon-friends-o">
            <!----></i>
          <!---->
        </div>
        <div class="buri-tabbar-item__text">标签</div>
      </div>
      <div class="buri-tabbar-item">
        <div class="buri-tabbar-item__icon"><i class="buri-icon buri-icon-setting-o">
            <!----></i>
          <!---->
        </div>
        <div class="buri-tabbar-item__text">标签</div>
      </div>
    </div>
  </div>
  <div>
    <div class="buri-hairline--top-bottom buri-tabbar buri-tabbar--fixed" style="z-index: 1;">
      <div class="buri-tabbar-item buri-tabbar-item--active">
        <div class="buri-tabbar-item__icon"><i class="buri-icon buri-icon-home-o">
            <!----></i>
          <!---->
        </div>
        <div class="buri-tabbar-item__text">标签</div>
      </div>
      <div class="buri-tabbar-item">
        <div class="buri-tabbar-item__icon"><i class="buri-icon buri-icon-search">
            <!----></i>
          <!---->
        </div>
        <div class="buri-tabbar-item__text">标签</div>
      </div>
      <div class="buri-tabbar-item">
        <div class="buri-tabbar-item__icon"><i class="buri-icon buri-icon-friends-o">
            <!----></i>
          <!---->
        </div>
        <div class="buri-tabbar-item__text">标签</div>
      </div>
      <div class="buri-tabbar-item">
        <div class="buri-tabbar-item__icon"><i class="buri-icon buri-icon-setting-o">
            <!----></i>
          <!---->
        </div>
        <div class="buri-tabbar-item__text">标签</div>
      </div>
    </div>
  </div>
  <div>
    <div class="buri-hairline--top-bottom buri-tabbar buri-tabbar--fixed" style="z-index: 1;">
      <div class="buri-tabbar-item buri-tabbar-item--active">
        <div class="buri-tabbar-item__icon"><i class="buri-icon buri-icon-home-o">
            <!----></i>
          <!---->
        </div>
        <div class="buri-tabbar-item__text">标签</div>
      </div>
      <div class="buri-tabbar-item">
        <div class="buri-tabbar-item__icon"><i class="buri-icon buri-icon-search">
            <!----></i>
          <div class="buri-info buri-info--dot"></div>
        </div>
        <div class="buri-tabbar-item__text">标签</div>
      </div>
      <div class="buri-tabbar-item">
        <div class="buri-tabbar-item__icon"><i class="buri-icon buri-icon-friends-o">
            <!----></i>
          <div class="buri-info">5</div>
        </div>
        <div class="buri-tabbar-item__text">标签</div>
      </div>
      <div class="buri-tabbar-item">
        <div class="buri-tabbar-item__icon"><i class="buri-icon buri-icon-setting-o">
            <!----></i>
          <div class="buri-info">20</div>
        </div>
        <div class="buri-tabbar-item__text">标签</div>
      </div>
    </div>
  </div>
  <div>
    <div class="buri-hairline--top-bottom buri-tabbar buri-tabbar--fixed" style="z-index: 1;">
      <div class="buri-tabbar-item buri-tabbar-item--active">
        <div class="buri-tabbar-item__icon"><img src="https://img.yzcdn.cn/buri/user-active.png">
          <div class="buri-info">3</div>
        </div>
        <div class="buri-tabbar-item__text"><span>自定义</span></div>
      </div>
      <div class="buri-tabbar-item">
        <div class="buri-tabbar-item__icon"><i class="buri-icon buri-icon-search">
            <!----></i>
          <!---->
        </div>
        <div class="buri-tabbar-item__text">标签</div>
      </div>
      <div class="buri-tabbar-item">
        <div class="buri-tabbar-item__icon"><i class="buri-icon buri-icon-setting-o">
            <!----></i>
          <!---->
        </div>
        <div class="buri-tabbar-item__text">标签</div>
      </div>
    </div>
  </div>
  <div>
    <div class="buri-hairline--top-bottom buri-tabbar buri-tabbar--fixed" style="z-index: 1;">
      <div class="buri-tabbar-item buri-tabbar-item--active" style="color: rgb(7, 193, 96);">
        <div class="buri-tabbar-item__icon"><i class="buri-icon buri-icon-home-o">
            <!----></i>
          <!---->
        </div>
        <div class="buri-tabbar-item__text">标签</div>
      </div>
      <div class="buri-tabbar-item" style="color: rgb(0, 0, 0);">
        <div class="buri-tabbar-item__icon"><i class="buri-icon buri-icon-search">
            <!----></i>
          <!---->
        </div>
        <div class="buri-tabbar-item__text">标签</div>
      </div>
      <div class="buri-tabbar-item" style="color: rgb(0, 0, 0);">
        <div class="buri-tabbar-item__icon"><i class="buri-icon buri-icon-friends-o">
            <!----></i>
          <!---->
        </div>
        <div class="buri-tabbar-item__text">标签</div>
      </div>
      <div class="buri-tabbar-item" style="color: rgb(0, 0, 0);">
        <div class="buri-tabbar-item__icon"><i class="buri-icon buri-icon-setting-o">
            <!----></i>
          <!---->
        </div>
        <div class="buri-tabbar-item__text">标签</div>
      </div>
    </div>
  </div>
  <div>
    <div class="buri-hairline--top-bottom buri-tabbar buri-tabbar--fixed" style="z-index: 1;">
      <div class="buri-tabbar-item buri-tabbar-item--active">
        <div class="buri-tabbar-item__icon"><i class="buri-icon buri-icon-home-o">
            <!----></i>
          <!---->
        </div>
        <div class="buri-tabbar-item__text">标签1</div>
      </div>
      <div class="buri-tabbar-item">
        <div class="buri-tabbar-item__icon"><i class="buri-icon buri-icon-search">
            <!----></i>
          <!---->
        </div>
        <div class="buri-tabbar-item__text">标签2</div>
      </div>
      <div class="buri-tabbar-item">
        <div class="buri-tabbar-item__icon"><i class="buri-icon buri-icon-friends-o">
            <!----></i>
          <!---->
        </div>
        <div class="buri-tabbar-item__text">标签3</div>
      </div>
      <div class="buri-tabbar-item">
        <div class="buri-tabbar-item__icon"><i class="buri-icon buri-icon-setting-o">
            <!----></i>
          <!---->
        </div>
        <div class="buri-tabbar-item__text">标签4</div>
      </div>
    </div>
  </div>
</div>
`;
