// Jest Snapshot v1, https://goo.gl/fbAQLP

exports[`renders demo correctly 1`] = `
<div>
  <div>
    <div class="buri-cell-group buri-hairline--top-bottom">
      <div class="buri-cell">
        <div class="buri-cell__title"><span>单元格</span></div>
        <div class="buri-cell__value"><span>内容</span></div>
      </div>
      <div class="buri-cell">
        <div class="buri-cell__title"><span>单元格</span>
          <div class="buri-cell__label">描述信息</div>
        </div>
        <div class="buri-cell__value"><span>内容</span></div>
      </div>
    </div>
  </div>
  <div>
    <div class="buri-cell buri-cell--large">
      <div class="buri-cell__title"><span>单元格</span></div>
      <div class="buri-cell__value"><span>内容</span></div>
    </div>
    <div class="buri-cell buri-cell--large">
      <div class="buri-cell__title"><span>单元格</span>
        <div class="buri-cell__label">描述信息</div>
      </div>
      <div class="buri-cell__value"><span>内容</span></div>
    </div>
  </div>
  <div>
    <div class="buri-cell"><i class="buri-icon buri-icon-location-o buri-cell__left-icon">
        <!----></i>
      <div class="buri-cell__title"><span>单元格</span></div>
      <div class="buri-cell__value"><span>内容</span></div>
    </div>
  </div>
  <div>
    <div class="buri-cell">
      <div class="buri-cell__value buri-cell__value--alone"><span>内容</span></div>
    </div>
  </div>
  <div>
    <div role="button" tabindex="0" class="buri-cell buri-cell--clickable">
      <div class="buri-cell__title"><span>单元格</span></div><i class="buri-icon buri-icon-arrow buri-cell__right-icon">
        <!----></i>
    </div>
    <div role="button" tabindex="0" class="buri-cell buri-cell--clickable">
      <div class="buri-cell__title"><span>单元格</span></div>
      <div class="buri-cell__value"><span>内容</span></div><i class="buri-icon buri-icon-arrow buri-cell__right-icon">
        <!----></i>
    </div>
    <div role="button" tabindex="0" class="buri-cell buri-cell--clickable">
      <div class="buri-cell__title"><span>单元格</span></div>
      <div class="buri-cell__value"><span>内容</span></div><i class="buri-icon buri-icon-arrow-down buri-cell__right-icon">
        <!----></i>
    </div>
  </div>
  <div>
    <div role="button" tabindex="0" class="buri-cell buri-cell--clickable">
      <div class="buri-cell__title"><span>URL 跳转</span></div><i class="buri-icon buri-icon-arrow buri-cell__right-icon">
        <!----></i>
    </div>
    <div role="button" tabindex="0" class="buri-cell buri-cell--clickable">
      <div class="buri-cell__title"><span>路由跳转</span></div><i class="buri-icon buri-icon-arrow buri-cell__right-icon">
        <!----></i>
    </div>
  </div>
  <div>
    <div>
      <div class="buri-cell-group__title">分组 1</div>
      <div class="buri-cell-group buri-hairline--top-bottom">
        <div class="buri-cell">
          <div class="buri-cell__title"><span>单元格</span></div>
          <div class="buri-cell__value"><span>内容</span></div>
        </div>
      </div>
    </div>
    <div>
      <div class="buri-cell-group__title">分组 2</div>
      <div class="buri-cell-group buri-hairline--top-bottom">
        <div class="buri-cell">
          <div class="buri-cell__title"><span>单元格</span></div>
          <div class="buri-cell__value"><span>内容</span></div>
        </div>
      </div>
    </div>
  </div>
  <div>
    <div role="button" tabindex="0" class="buri-cell buri-cell--clickable">
      <div class="buri-cell__title"><span class="custom-title">单元格</span> <span class="buri-tag buri-tag--danger">标签</span></div>
      <div class="buri-cell__value"><span>内容</span></div><i class="buri-icon buri-icon-arrow buri-cell__right-icon">
        <!----></i>
    </div>
    <div class="buri-cell"><i class="buri-icon buri-icon-shop-o buri-cell__left-icon">
        <!----></i>
      <div class="buri-cell__title"><span>单元格</span></div><i class="buri-icon buri-icon-search" style="line-height: inherit;">
        <!----></i>
    </div>
  </div>
  <div>
    <div class="buri-cell buri-cell--center">
      <div class="buri-cell__title"><span>单元格</span>
        <div class="buri-cell__label">描述信息</div>
      </div>
      <div class="buri-cell__value"><span>内容</span></div>
    </div>
  </div>
</div>
`;
