// Jest Snapshot v1, https://goo.gl/fbAQLP

exports[`CellGroup title slot 1`] = `
<div>
  <div class="buri-cell-group__title">CustomTitle</div>
  <div class="buri-cell-group buri-hairline--top-bottom"></div>
</div>
`;

exports[`arrow direction 1`] = `
<div role="button" tabindex="0" class="buri-cell buri-cell--clickable"><i class="buri-icon buri-icon-arrow-down buri-cell__right-icon">
    <!----></i></div>
`;

exports[`render slot 1`] = `
<div class="buri-cell">Custom Icon<div class="buri-cell__title">Custom Title<div class="buri-cell__label">Custom Label</div>
  </div>Custom Extra</div>
`;

exports[`title-style prop 1`] = `
<div class="buri-cell">
  <div class="buri-cell__title" style="color: red;"><span>title</span></div>
</div>
`;
