// Jest Snapshot v1, https://goo.gl/fbAQLP

exports[`renders demo correctly 1`] = `
<div>
  <div><button class="buri-button buri-button--primary buri-button--normal"><span class="buri-button__text">弹出默认键盘</span></button>
    <div class="buri-number-keyboard buri-number-keyboard--default buri-number-keyboard--safe-area-inset-bottom" style="z-index: 100;" name="buri-slide-up">
      <div class="buri-number-keyboard__title buri-hairline--top"><span role="button" tabindex="0" class="buri-number-keyboard__close">完成</span></div>
      <div class="buri-number-keyboard__body"><i role="button" tabindex="0" class="buri-hairline buri-key">1</i><i role="button" tabindex="0" class="buri-hairline buri-key">2</i><i role="button" tabindex="0" class="buri-hairline buri-key">3</i><i role="button" tabindex="0" class="buri-hairline buri-key">4</i><i role="button" tabindex="0" class="buri-hairline buri-key">5</i><i role="button" tabindex="0" class="buri-hairline buri-key">6</i><i role="button" tabindex="0" class="buri-hairline buri-key">7</i><i role="button" tabindex="0" class="buri-hairline buri-key">8</i><i role="button" tabindex="0" class="buri-hairline buri-key">9</i><i role="button" tabindex="0" class="buri-hairline buri-key buri-key--gray buri-key--extra">.</i><i role="button" tabindex="0" class="buri-hairline buri-key">0</i><i role="button" tabindex="0" class="buri-hairline buri-key buri-key--gray buri-key--delete">删除</i></div>
    </div>
  </div>
  <div><button class="buri-button buri-button--info buri-button--normal"><span class="buri-button__text">弹出自定义键盘</span></button>
    <div class="buri-number-keyboard buri-number-keyboard--custom buri-number-keyboard--safe-area-inset-bottom" style="z-index: 100; display: none;" name="buri-slide-up">
      <div class="buri-number-keyboard__body"><i role="button" tabindex="0" class="buri-hairline buri-key">1</i><i role="button" tabindex="0" class="buri-hairline buri-key">2</i><i role="button" tabindex="0" class="buri-hairline buri-key">3</i><i role="button" tabindex="0" class="buri-hairline buri-key">4</i><i role="button" tabindex="0" class="buri-hairline buri-key">5</i><i role="button" tabindex="0" class="buri-hairline buri-key">6</i><i role="button" tabindex="0" class="buri-hairline buri-key">7</i><i role="button" tabindex="0" class="buri-hairline buri-key">8</i><i role="button" tabindex="0" class="buri-hairline buri-key">9</i><i role="button" tabindex="0" class="buri-hairline buri-key buri-key--middle">0</i><i role="button" tabindex="0" class="buri-hairline buri-key buri-key--extra">.</i>
        <div class="buri-number-keyboard__sidebar"><i role="button" tabindex="0" class="buri-hairline buri-key buri-key--delete buri-key--big buri-key--gray buri-key--delete">删除</i><i role="button" tabindex="0" class="buri-hairline buri-key buri-key--blue buri-key--big buri-key--close">完成</i></div>
      </div>
    </div>
  </div>
  <div>
    <div role="button" tabindex="0" class="buri-cell buri-cell--clickable buri-field">
      <div class="buri-cell__value buri-cell__value--alone">
        <div class="buri-field__body"><input type="text" placeholder="点此输入" readonly="readonly" class="buri-field__control"></div>
      </div>
    </div>
    <div class="buri-number-keyboard buri-number-keyboard--default buri-number-keyboard--safe-area-inset-bottom" style="z-index: 100; display: none;" name="buri-slide-up">
      <div class="buri-number-keyboard__body"><i role="button" tabindex="0" class="buri-hairline buri-key">1</i><i role="button" tabindex="0" class="buri-hairline buri-key">2</i><i role="button" tabindex="0" class="buri-hairline buri-key">3</i><i role="button" tabindex="0" class="buri-hairline buri-key">4</i><i role="button" tabindex="0" class="buri-hairline buri-key">5</i><i role="button" tabindex="0" class="buri-hairline buri-key">6</i><i role="button" tabindex="0" class="buri-hairline buri-key">7</i><i role="button" tabindex="0" class="buri-hairline buri-key">8</i><i role="button" tabindex="0" class="buri-hairline buri-key">9</i><i role="button" tabindex="0" class="buri-hairline buri-key buri-key--gray buri-key--extra"></i><i role="button" tabindex="0" class="buri-hairline buri-key">0</i><i role="button" tabindex="0" class="buri-hairline buri-key buri-key--gray buri-key--delete">删除</i></div>
    </div>
  </div>
  <div><button class="buri-button buri-button--primary buri-button--normal buri-button--plain"><span class="buri-button__text">弹出身份证号码键盘</span></button>
    <div class="buri-number-keyboard buri-number-keyboard--default buri-number-keyboard--safe-area-inset-bottom" style="z-index: 100; display: none;" name="buri-slide-up">
      <div class="buri-number-keyboard__title buri-hairline--top"><span role="button" tabindex="0" class="buri-number-keyboard__close">完成</span></div>
      <div class="buri-number-keyboard__body"><i role="button" tabindex="0" class="buri-hairline buri-key">1</i><i role="button" tabindex="0" class="buri-hairline buri-key">2</i><i role="button" tabindex="0" class="buri-hairline buri-key">3</i><i role="button" tabindex="0" class="buri-hairline buri-key">4</i><i role="button" tabindex="0" class="buri-hairline buri-key">5</i><i role="button" tabindex="0" class="buri-hairline buri-key">6</i><i role="button" tabindex="0" class="buri-hairline buri-key">7</i><i role="button" tabindex="0" class="buri-hairline buri-key">8</i><i role="button" tabindex="0" class="buri-hairline buri-key">9</i><i role="button" tabindex="0" class="buri-hairline buri-key buri-key--gray buri-key--extra">X</i><i role="button" tabindex="0" class="buri-hairline buri-key">0</i><i role="button" tabindex="0" class="buri-hairline buri-key buri-key--gray buri-key--delete">删除</i></div>
    </div>
  </div>
  <div><button class="buri-button buri-button--info buri-button--normal buri-button--plain"><span class="buri-button__text">弹出自定义标题键盘</span></button>
    <div class="buri-number-keyboard buri-number-keyboard--default buri-number-keyboard--safe-area-inset-bottom" style="z-index: 100; display: none;" name="buri-slide-up">
      <div class="buri-number-keyboard__title buri-hairline--top"><span>键盘标题</span><span role="button" tabindex="0" class="buri-number-keyboard__close">完成</span></div>
      <div class="buri-number-keyboard__body"><i role="button" tabindex="0" class="buri-hairline buri-key">1</i><i role="button" tabindex="0" class="buri-hairline buri-key">2</i><i role="button" tabindex="0" class="buri-hairline buri-key">3</i><i role="button" tabindex="0" class="buri-hairline buri-key">4</i><i role="button" tabindex="0" class="buri-hairline buri-key">5</i><i role="button" tabindex="0" class="buri-hairline buri-key">6</i><i role="button" tabindex="0" class="buri-hairline buri-key">7</i><i role="button" tabindex="0" class="buri-hairline buri-key">8</i><i role="button" tabindex="0" class="buri-hairline buri-key">9</i><i role="button" tabindex="0" class="buri-hairline buri-key buri-key--gray buri-key--extra">.</i><i role="button" tabindex="0" class="buri-hairline buri-key">0</i><i role="button" tabindex="0" class="buri-hairline buri-key buri-key--gray buri-key--delete">删除</i></div>
    </div>
  </div>
</div>
`;
