// Jest Snapshot v1, https://goo.gl/fbAQLP

exports[`extra-key slot 1`] = `
<div class="buri-number-keyboard buri-number-keyboard--default buri-number-keyboard--safe-area-inset-bottom" style="z-index: 100; display: none;" name="buri-slide-up">
  <div class="buri-number-keyboard__body"><i role="button" tabindex="0" class="buri-hairline buri-key">1</i><i role="button" tabindex="0" class="buri-hairline buri-key">2</i><i role="button" tabindex="0" class="buri-hairline buri-key">3</i><i role="button" tabindex="0" class="buri-hairline buri-key">4</i><i role="button" tabindex="0" class="buri-hairline buri-key">5</i><i role="button" tabindex="0" class="buri-hairline buri-key">6</i><i role="button" tabindex="0" class="buri-hairline buri-key">7</i><i role="button" tabindex="0" class="buri-hairline buri-key">8</i><i role="button" tabindex="0" class="buri-hairline buri-key">9</i><i role="button" tabindex="0" class="buri-hairline buri-key buri-key--gray buri-key--extra">Custom Extra Key</i><i role="button" tabindex="0" class="buri-hairline buri-key">0</i><i role="button" tabindex="0" class="buri-hairline buri-key buri-key--gray buri-key--delete">删除</i></div>
</div>
`;

exports[`focus on key 1`] = `
<div class="buri-number-keyboard buri-number-keyboard--default buri-number-keyboard--safe-area-inset-bottom" style="z-index: 100; display: none;" name="buri-slide-up">
  <div class="buri-number-keyboard__body"><i role="button" tabindex="0" class="buri-hairline buri-key buri-key--active">1</i><i role="button" tabindex="0" class="buri-hairline buri-key">2</i><i role="button" tabindex="0" class="buri-hairline buri-key">3</i><i role="button" tabindex="0" class="buri-hairline buri-key">4</i><i role="button" tabindex="0" class="buri-hairline buri-key">5</i><i role="button" tabindex="0" class="buri-hairline buri-key">6</i><i role="button" tabindex="0" class="buri-hairline buri-key">7</i><i role="button" tabindex="0" class="buri-hairline buri-key">8</i><i role="button" tabindex="0" class="buri-hairline buri-key">9</i><i role="button" tabindex="0" class="buri-hairline buri-key buri-key--gray buri-key--extra"></i><i role="button" tabindex="0" class="buri-hairline buri-key">0</i><i role="button" tabindex="0" class="buri-hairline buri-key buri-key--gray buri-key--delete">删除</i></div>
</div>
`;

exports[`focus on key 2`] = `
<div class="buri-number-keyboard buri-number-keyboard--default buri-number-keyboard--safe-area-inset-bottom" style="z-index: 100; display: none;" name="buri-slide-up">
  <div class="buri-number-keyboard__body"><i role="button" tabindex="0" class="buri-hairline buri-key">1</i><i role="button" tabindex="0" class="buri-hairline buri-key">2</i><i role="button" tabindex="0" class="buri-hairline buri-key">3</i><i role="button" tabindex="0" class="buri-hairline buri-key">4</i><i role="button" tabindex="0" class="buri-hairline buri-key">5</i><i role="button" tabindex="0" class="buri-hairline buri-key">6</i><i role="button" tabindex="0" class="buri-hairline buri-key">7</i><i role="button" tabindex="0" class="buri-hairline buri-key">8</i><i role="button" tabindex="0" class="buri-hairline buri-key">9</i><i role="button" tabindex="0" class="buri-hairline buri-key buri-key--gray buri-key--extra"></i><i role="button" tabindex="0" class="buri-hairline buri-key">0</i><i role="button" tabindex="0" class="buri-hairline buri-key buri-key--gray buri-key--delete">删除</i></div>
</div>
`;

exports[`move and blur key 1`] = `
<div class="buri-number-keyboard buri-number-keyboard--default buri-number-keyboard--safe-area-inset-bottom" style="z-index: 100; display: none;" name="buri-slide-up">
  <div class="buri-number-keyboard__body"><i role="button" tabindex="0" class="buri-hairline buri-key buri-key--active">1</i><i role="button" tabindex="0" class="buri-hairline buri-key">2</i><i role="button" tabindex="0" class="buri-hairline buri-key">3</i><i role="button" tabindex="0" class="buri-hairline buri-key">4</i><i role="button" tabindex="0" class="buri-hairline buri-key">5</i><i role="button" tabindex="0" class="buri-hairline buri-key">6</i><i role="button" tabindex="0" class="buri-hairline buri-key">7</i><i role="button" tabindex="0" class="buri-hairline buri-key">8</i><i role="button" tabindex="0" class="buri-hairline buri-key">9</i><i role="button" tabindex="0" class="buri-hairline buri-key buri-key--gray buri-key--extra"></i><i role="button" tabindex="0" class="buri-hairline buri-key">0</i><i role="button" tabindex="0" class="buri-hairline buri-key buri-key--gray buri-key--delete">删除</i></div>
</div>
`;

exports[`move and blur key 2`] = `
<div class="buri-number-keyboard buri-number-keyboard--default buri-number-keyboard--safe-area-inset-bottom" style="z-index: 100; display: none;" name="buri-slide-up">
  <div class="buri-number-keyboard__body"><i role="button" tabindex="0" class="buri-hairline buri-key buri-key--active">1</i><i role="button" tabindex="0" class="buri-hairline buri-key">2</i><i role="button" tabindex="0" class="buri-hairline buri-key">3</i><i role="button" tabindex="0" class="buri-hairline buri-key">4</i><i role="button" tabindex="0" class="buri-hairline buri-key">5</i><i role="button" tabindex="0" class="buri-hairline buri-key">6</i><i role="button" tabindex="0" class="buri-hairline buri-key">7</i><i role="button" tabindex="0" class="buri-hairline buri-key">8</i><i role="button" tabindex="0" class="buri-hairline buri-key">9</i><i role="button" tabindex="0" class="buri-hairline buri-key buri-key--gray buri-key--extra"></i><i role="button" tabindex="0" class="buri-hairline buri-key">0</i><i role="button" tabindex="0" class="buri-hairline buri-key buri-key--gray buri-key--delete">删除</i></div>
</div>
`;

exports[`move and blur key 3`] = `
<div class="buri-number-keyboard buri-number-keyboard--default buri-number-keyboard--safe-area-inset-bottom" style="z-index: 100; display: none;" name="buri-slide-up">
  <div class="buri-number-keyboard__body"><i role="button" tabindex="0" class="buri-hairline buri-key">1</i><i role="button" tabindex="0" class="buri-hairline buri-key">2</i><i role="button" tabindex="0" class="buri-hairline buri-key">3</i><i role="button" tabindex="0" class="buri-hairline buri-key">4</i><i role="button" tabindex="0" class="buri-hairline buri-key">5</i><i role="button" tabindex="0" class="buri-hairline buri-key">6</i><i role="button" tabindex="0" class="buri-hairline buri-key">7</i><i role="button" tabindex="0" class="buri-hairline buri-key">8</i><i role="button" tabindex="0" class="buri-hairline buri-key">9</i><i role="button" tabindex="0" class="buri-hairline buri-key buri-key--gray buri-key--extra"></i><i role="button" tabindex="0" class="buri-hairline buri-key">0</i><i role="button" tabindex="0" class="buri-hairline buri-key buri-key--gray buri-key--delete">删除</i></div>
</div>
`;

exports[`render title 1`] = `
<div class="buri-number-keyboard buri-number-keyboard--default buri-number-keyboard--safe-area-inset-bottom" style="z-index: 100; display: none;" name="buri-slide-up">
  <div class="buri-number-keyboard__title buri-hairline--top"><span>Title</span><span role="button" tabindex="0" class="buri-number-keyboard__close">Close</span></div>
  <div class="buri-number-keyboard__body"><i role="button" tabindex="0" class="buri-hairline buri-key">1</i><i role="button" tabindex="0" class="buri-hairline buri-key">2</i><i role="button" tabindex="0" class="buri-hairline buri-key">3</i><i role="button" tabindex="0" class="buri-hairline buri-key">4</i><i role="button" tabindex="0" class="buri-hairline buri-key">5</i><i role="button" tabindex="0" class="buri-hairline buri-key">6</i><i role="button" tabindex="0" class="buri-hairline buri-key">7</i><i role="button" tabindex="0" class="buri-hairline buri-key">8</i><i role="button" tabindex="0" class="buri-hairline buri-key">9</i><i role="button" tabindex="0" class="buri-hairline buri-key buri-key--gray buri-key--extra"></i><i role="button" tabindex="0" class="buri-hairline buri-key">0</i><i role="button" tabindex="0" class="buri-hairline buri-key buri-key--gray buri-key--delete">删除</i></div>
</div>
`;

exports[`title-left slot 1`] = `
<div class="buri-number-keyboard buri-number-keyboard--default buri-number-keyboard--safe-area-inset-bottom" style="z-index: 100; display: none;" name="buri-slide-up">
  <div class="buri-number-keyboard__title buri-hairline--top"><span class="buri-number-keyboard__title-left">Custom Title Left</span></div>
  <div class="buri-number-keyboard__body"><i role="button" tabindex="0" class="buri-hairline buri-key">1</i><i role="button" tabindex="0" class="buri-hairline buri-key">2</i><i role="button" tabindex="0" class="buri-hairline buri-key">3</i><i role="button" tabindex="0" class="buri-hairline buri-key">4</i><i role="button" tabindex="0" class="buri-hairline buri-key">5</i><i role="button" tabindex="0" class="buri-hairline buri-key">6</i><i role="button" tabindex="0" class="buri-hairline buri-key">7</i><i role="button" tabindex="0" class="buri-hairline buri-key">8</i><i role="button" tabindex="0" class="buri-hairline buri-key">9</i><i role="button" tabindex="0" class="buri-hairline buri-key buri-key--gray buri-key--extra"></i><i role="button" tabindex="0" class="buri-hairline buri-key">0</i><i role="button" tabindex="0" class="buri-hairline buri-key buri-key--gray buri-key--delete">删除</i></div>
</div>
`;
