// Jest Snapshot v1, https://goo.gl/fbAQLP

exports[`renders demo correctly 1`] = `
<div>
  <div>
    <div class="buri-picker">
      <!---->
      <div class="buri-picker__columns" style="height: 220px;">
        <div class="buri-picker-column">
          <ul class="buri-picker-column__wrapper" style="transform: translate3d(0, 88px, 0); transition-duration: 0ms; transition-property: none; line-height: 44px;">
            <li role="button" tabindex="0" class="buri-ellipsis buri-picker-column__item buri-picker-column__item--selected" style="height: 44px;">杭州</li>
            <li role="button" tabindex="0" class="buri-ellipsis buri-picker-column__item" style="height: 44px;">宁波</li>
            <li role="button" tabindex="0" class="buri-ellipsis buri-picker-column__item" style="height: 44px;">温州</li>
            <li role="button" tabindex="0" class="buri-ellipsis buri-picker-column__item" style="height: 44px;">嘉兴</li>
            <li role="button" tabindex="0" class="buri-ellipsis buri-picker-column__item" style="height: 44px;">湖州</li>
          </ul>
        </div>
        <div class="buri-picker__mask" style="background-size: 100% 88px;"></div>
        <div class="buri-hairline-unset--top-bottom buri-picker__frame" style="height: 44px;"></div>
      </div>
      <!---->
    </div>
  </div>
  <div>
    <div class="buri-picker">
      <!---->
      <div class="buri-picker__columns" style="height: 220px;">
        <div class="buri-picker-column">
          <ul class="buri-picker-column__wrapper" style="transform: translate3d(0, 0px, 0); transition-duration: 0ms; transition-property: none; line-height: 44px;">
            <li role="button" tabindex="0" class="buri-ellipsis buri-picker-column__item" style="height: 44px;">杭州</li>
            <li role="button" tabindex="0" class="buri-ellipsis buri-picker-column__item" style="height: 44px;">宁波</li>
            <li role="button" tabindex="0" class="buri-ellipsis buri-picker-column__item buri-picker-column__item--selected" style="height: 44px;">温州</li>
            <li role="button" tabindex="0" class="buri-ellipsis buri-picker-column__item" style="height: 44px;">嘉兴</li>
            <li role="button" tabindex="0" class="buri-ellipsis buri-picker-column__item" style="height: 44px;">湖州</li>
          </ul>
        </div>
        <div class="buri-picker__mask" style="background-size: 100% 88px;"></div>
        <div class="buri-hairline-unset--top-bottom buri-picker__frame" style="height: 44px;"></div>
      </div>
      <!---->
    </div>
  </div>
  <div>
    <div class="buri-picker">
      <div class="buri-hairline--top-bottom buri-picker__toolbar"><button type="button" class="buri-picker__cancel">取消</button>
        <div class="buri-ellipsis buri-picker__title">标题</div><button type="button" class="buri-picker__confirm">确认</button>
      </div>
      <!---->
      <div class="buri-picker__columns" style="height: 220px;">
        <div class="buri-picker-column">
          <ul class="buri-picker-column__wrapper" style="transform: translate3d(0, 88px, 0); transition-duration: 0ms; transition-property: none; line-height: 44px;">
            <li role="button" tabindex="0" class="buri-ellipsis buri-picker-column__item buri-picker-column__item--selected" style="height: 44px;">杭州</li>
            <li role="button" tabindex="0" class="buri-ellipsis buri-picker-column__item" style="height: 44px;">宁波</li>
            <li role="button" tabindex="0" class="buri-ellipsis buri-picker-column__item" style="height: 44px;">温州</li>
            <li role="button" tabindex="0" class="buri-ellipsis buri-picker-column__item" style="height: 44px;">嘉兴</li>
            <li role="button" tabindex="0" class="buri-ellipsis buri-picker-column__item" style="height: 44px;">湖州</li>
          </ul>
        </div>
        <div class="buri-picker__mask" style="background-size: 100% 88px;"></div>
        <div class="buri-hairline-unset--top-bottom buri-picker__frame" style="height: 44px;"></div>
      </div>
      <!---->
    </div>
  </div>
  <div>
    <div role="button" tabindex="0" class="buri-cell buri-cell--clickable buri-field">
      <div class="buri-cell__title buri-field__label"><span>城市</span></div>
      <div class="buri-cell__value">
        <div class="buri-field__body"><input type="text" placeholder="选择城市" readonly="readonly" class="buri-field__control"></div>
      </div>
    </div>
    <!---->
  </div>
  <div>
    <div class="buri-picker">
      <!---->
      <div class="buri-picker__columns" style="height: 220px;">
        <div class="buri-picker-column">
          <ul class="buri-picker-column__wrapper" style="transform: translate3d(0, 44px, 0); transition-duration: 0ms; transition-property: none; line-height: 44px;">
            <li role="button" tabindex="-1" class="buri-ellipsis buri-picker-column__item buri-picker-column__item--disabled" style="height: 44px;">杭州</li>
            <li role="button" tabindex="0" class="buri-ellipsis buri-picker-column__item buri-picker-column__item--selected" style="height: 44px;">宁波</li>
            <li role="button" tabindex="0" class="buri-ellipsis buri-picker-column__item" style="height: 44px;">温州</li>
          </ul>
        </div>
        <div class="buri-picker__mask" style="background-size: 100% 88px;"></div>
        <div class="buri-hairline-unset--top-bottom buri-picker__frame" style="height: 44px;"></div>
      </div>
      <!---->
    </div>
  </div>
  <div>
    <div class="buri-picker">
      <!---->
      <div class="buri-picker__columns" style="height: 220px;">
        <div class="buri-picker-column column1">
          <ul class="buri-picker-column__wrapper" style="transform: translate3d(0, 88px, 0); transition-duration: 0ms; transition-property: none; line-height: 44px;">
            <li role="button" tabindex="0" class="buri-ellipsis buri-picker-column__item buri-picker-column__item--selected" style="height: 44px;">浙江</li>
            <li role="button" tabindex="0" class="buri-ellipsis buri-picker-column__item" style="height: 44px;">福建</li>
          </ul>
        </div>
        <div class="buri-picker-column column2">
          <ul class="buri-picker-column__wrapper" style="transform: translate3d(0, 0px, 0); transition-duration: 0ms; transition-property: none; line-height: 44px;">
            <li role="button" tabindex="0" class="buri-ellipsis buri-picker-column__item" style="height: 44px;">杭州</li>
            <li role="button" tabindex="0" class="buri-ellipsis buri-picker-column__item" style="height: 44px;">宁波</li>
            <li role="button" tabindex="0" class="buri-ellipsis buri-picker-column__item buri-picker-column__item--selected" style="height: 44px;">温州</li>
            <li role="button" tabindex="0" class="buri-ellipsis buri-picker-column__item" style="height: 44px;">嘉兴</li>
            <li role="button" tabindex="0" class="buri-ellipsis buri-picker-column__item" style="height: 44px;">湖州</li>
          </ul>
        </div>
        <div class="buri-picker__mask" style="background-size: 100% 88px;"></div>
        <div class="buri-hairline-unset--top-bottom buri-picker__frame" style="height: 44px;"></div>
      </div>
      <!---->
    </div>
  </div>
  <div>
    <div class="buri-picker">
      <div class="buri-loading buri-loading--circular buri-picker__loading"><span class="buri-loading__spinner buri-loading__spinner--circular"><svg viewBox="25 25 50 50" class="buri-loading__circular"><circle cx="50" cy="50" r="20" fill="none"></circle></svg></span></div>
      <div class="buri-picker__columns" style="height: 220px;">
        <div class="buri-picker-column column1">
          <ul class="buri-picker-column__wrapper" style="transform: translate3d(0, 88px, 0); transition-duration: 0ms; transition-property: none; line-height: 44px;">
            <li role="button" tabindex="0" class="buri-ellipsis buri-picker-column__item buri-picker-column__item--selected" style="height: 44px;">浙江</li>
            <li role="button" tabindex="0" class="buri-ellipsis buri-picker-column__item" style="height: 44px;">福建</li>
          </ul>
        </div>
        <div class="buri-picker-column column2">
          <ul class="buri-picker-column__wrapper" style="transform: translate3d(0, 0px, 0); transition-duration: 0ms; transition-property: none; line-height: 44px;">
            <li role="button" tabindex="0" class="buri-ellipsis buri-picker-column__item" style="height: 44px;">杭州</li>
            <li role="button" tabindex="0" class="buri-ellipsis buri-picker-column__item" style="height: 44px;">宁波</li>
            <li role="button" tabindex="0" class="buri-ellipsis buri-picker-column__item buri-picker-column__item--selected" style="height: 44px;">温州</li>
            <li role="button" tabindex="0" class="buri-ellipsis buri-picker-column__item" style="height: 44px;">嘉兴</li>
            <li role="button" tabindex="0" class="buri-ellipsis buri-picker-column__item" style="height: 44px;">湖州</li>
          </ul>
        </div>
        <div class="buri-picker__mask" style="background-size: 100% 88px;"></div>
        <div class="buri-hairline-unset--top-bottom buri-picker__frame" style="height: 44px;"></div>
      </div>
      <!---->
    </div>
  </div>
</div>
`;
