// Jest Snapshot v1, https://goo.gl/fbAQLP

exports[`renders demo correctly 1`] = `
<div>
  <div>
    <div class="buri-dropdown-menu buri-hairline--top-bottom">
      <div role="button" tabindex="0" class="buri-dropdown-menu__item"><span class="buri-dropdown-menu__title"><div class="buri-ellipsis">全部商品</div></span></div>
      <div role="button" tabindex="0" class="buri-dropdown-menu__item"><span class="buri-dropdown-menu__title"><div class="buri-ellipsis">默认排序</div></span></div>
      <div>
        <div class="buri-dropdown-item buri-dropdown-item--down" style="z-index: 10; top: 0px; display: none;">
          <!---->
        </div>
      </div>
      <div>
        <div class="buri-dropdown-item buri-dropdown-item--down" style="z-index: 10; top: 0px; display: none;">
          <!---->
        </div>
      </div>
    </div>
  </div>
  <div>
    <div class="buri-dropdown-menu buri-hairline--top-bottom">
      <div role="button" tabindex="0" class="buri-dropdown-menu__item"><span class="buri-dropdown-menu__title"><div class="buri-ellipsis">全部商品</div></span></div>
      <div role="button" tabindex="0" class="buri-dropdown-menu__item"><span class="buri-dropdown-menu__title"><div class="buri-ellipsis">筛选</div></span></div>
      <div>
        <div class="buri-dropdown-item buri-dropdown-item--down" style="z-index: 10; top: 0px; display: none;">
          <!---->
        </div>
      </div>
      <div>
        <div class="buri-dropdown-item buri-dropdown-item--down" style="z-index: 10; top: 0px; display: none;">
          <!---->
        </div>
      </div>
    </div>
  </div>
  <div>
    <div class="buri-dropdown-menu buri-hairline--top-bottom">
      <div role="button" tabindex="0" class="buri-dropdown-menu__item"><span class="buri-dropdown-menu__title"><div class="buri-ellipsis">全部商品</div></span></div>
      <div role="button" tabindex="0" class="buri-dropdown-menu__item"><span class="buri-dropdown-menu__title"><div class="buri-ellipsis">默认排序</div></span></div>
      <div>
        <div class="buri-dropdown-item buri-dropdown-item--down" style="z-index: 10; top: 0px; display: none;">
          <!---->
        </div>
      </div>
      <div>
        <div class="buri-dropdown-item buri-dropdown-item--down" style="z-index: 10; top: 0px; display: none;">
          <!---->
        </div>
      </div>
    </div>
  </div>
  <div>
    <div class="buri-dropdown-menu buri-hairline--top-bottom">
      <div role="button" tabindex="0" class="buri-dropdown-menu__item"><span class="buri-dropdown-menu__title buri-dropdown-menu__title--down"><div class="buri-ellipsis">全部商品</div></span></div>
      <div role="button" tabindex="0" class="buri-dropdown-menu__item"><span class="buri-dropdown-menu__title buri-dropdown-menu__title--down"><div class="buri-ellipsis">默认排序</div></span></div>
      <div>
        <div class="buri-dropdown-item buri-dropdown-item--up" style="z-index: 10; bottom: 0px; display: none;">
          <!---->
        </div>
      </div>
      <div>
        <div class="buri-dropdown-item buri-dropdown-item--up" style="z-index: 10; bottom: 0px; display: none;">
          <!---->
        </div>
      </div>
    </div>
  </div>
  <div>
    <div class="buri-dropdown-menu buri-hairline--top-bottom">
      <div role="button" tabindex="-1" class="buri-dropdown-menu__item buri-dropdown-menu__item--disabled"><span class="buri-dropdown-menu__title"><div class="buri-ellipsis">全部商品</div></span></div>
      <div role="button" tabindex="-1" class="buri-dropdown-menu__item buri-dropdown-menu__item--disabled"><span class="buri-dropdown-menu__title"><div class="buri-ellipsis">默认排序</div></span></div>
      <div>
        <div class="buri-dropdown-item buri-dropdown-item--down" style="z-index: 10; top: 0px; display: none;">
          <!---->
        </div>
      </div>
      <div>
        <div class="buri-dropdown-item buri-dropdown-item--down" style="z-index: 10; top: 0px; display: none;">
          <!---->
        </div>
      </div>
    </div>
  </div>
</div>
`;
