// Jest Snapshot v1, https://goo.gl/fbAQLP

exports[`renders demo correctly 1`] = `
<div>
  <div>
    <div class="buri-uploader">
      <div class="buri-uploader__wrapper">
        <div class="buri-uploader__upload"><i class="buri-icon buri-icon-plus buri-uploader__upload-icon">
            <!----></i><input type="file" accept="image/*" class="buri-uploader__input"></div>
      </div>
    </div>
  </div>
  <div>
    <div class="buri-uploader">
      <div class="buri-uploader__wrapper">
        <div class="buri-uploader__preview">
          <div class="buri-image buri-uploader__preview-image" style="overflow: hidden; border-radius: 4px;"><img src="https://img.yzcdn.cn/buri/leaf.jpg" class="buri-image__img" style="object-fit: cover;">
            <div class="buri-image__loading"><i class="buri-icon buri-icon-photo-o buri-image__loading-icon">
                <!----></i></div>
          </div><i class="buri-icon buri-icon-clear buri-uploader__preview-delete">
            <!----></i>
        </div>
        <div class="buri-uploader__preview">
          <div class="buri-image buri-uploader__preview-image" style="overflow: hidden; border-radius: 4px;"><img src="https://img.yzcdn.cn/buri/tree.jpg" class="buri-image__img" style="object-fit: cover;">
            <div class="buri-image__loading"><i class="buri-icon buri-icon-photo-o buri-image__loading-icon">
                <!----></i></div>
          </div><i class="buri-icon buri-icon-clear buri-uploader__preview-delete">
            <!----></i>
        </div>
        <div class="buri-uploader__upload"><i class="buri-icon buri-icon-plus buri-uploader__upload-icon">
            <!----></i><input multiple="multiple" type="file" accept="*" class="buri-uploader__input"></div>
      </div>
    </div>
  </div>
  <div>
    <div class="buri-uploader">
      <div class="buri-uploader__wrapper">
        <div class="buri-uploader__preview">
          <div class="buri-image buri-uploader__preview-image" style="overflow: hidden; border-radius: 4px;"><img src="https://img.yzcdn.cn/buri/sand.jpg" class="buri-image__img" style="object-fit: cover;">
            <div class="buri-image__loading"><i class="buri-icon buri-icon-photo-o buri-image__loading-icon">
                <!----></i></div>
          </div><i class="buri-icon buri-icon-clear buri-uploader__preview-delete">
            <!----></i>
        </div>
        <div class="buri-uploader__upload"><i class="buri-icon buri-icon-plus buri-uploader__upload-icon">
            <!----></i><input multiple="multiple" type="file" accept="image/*" class="buri-uploader__input"></div>
      </div>
    </div>
  </div>
  <div>
    <div class="buri-uploader">
      <div class="buri-uploader__wrapper">
        <div class="buri-uploader__input-wrapper"><button class="buri-button buri-button--primary buri-button--normal"><i class="buri-icon buri-icon-photo buri-button__icon">
              <!----></i><span class="buri-button__text">上传文件</span></button><input type="file" accept="image/*" class="buri-uploader__input"></div>
      </div>
    </div>
  </div>
  <div>
    <div class="buri-uploader">
      <div class="buri-uploader__wrapper">
        <div class="buri-uploader__upload"><i class="buri-icon buri-icon-plus buri-uploader__upload-icon">
            <!----></i><input type="file" accept="image/*" class="buri-uploader__input"></div>
      </div>
    </div>
  </div>
</div>
`;
