// Jest Snapshot v1, https://goo.gl/fbAQLP

exports[`renders demo correctly 1`] = `
<div>
  <div>
    <div role="switch" aria-checked="true" class="buri-switch buri-switch--on">
      <div class="buri-switch__node"></div>
    </div>
  </div>
  <div>
    <div role="switch" aria-checked="true" class="buri-switch buri-switch--on buri-switch--disabled">
      <div class="buri-switch__node"></div>
    </div>
  </div>
  <div>
    <div role="switch" aria-checked="true" class="buri-switch buri-switch--on buri-switch--loading">
      <div class="buri-switch__node">
        <div class="buri-loading buri-loading--circular buri-switch__loading"><span class="buri-loading__spinner buri-loading__spinner--circular" style="color: rgb(25, 137, 250);"><svg viewBox="25 25 50 50" class="buri-loading__circular"><circle cx="50" cy="50" r="20" fill="none"></circle></svg></span></div>
      </div>
    </div>
  </div>
  <div>
    <div role="switch" aria-checked="true" class="buri-switch buri-switch--on" style="font-size: 24px;">
      <div class="buri-switch__node"></div>
    </div>
  </div>
  <div>
    <div role="switch" aria-checked="true" class="buri-switch buri-switch--on" style="background-color: rgb(7, 193, 96);">
      <div class="buri-switch__node"></div>
    </div>
  </div>
  <div>
    <div role="switch" aria-checked="true" class="buri-switch buri-switch--on">
      <div class="buri-switch__node"></div>
    </div>
  </div>
  <div>
    <div class="buri-cell buri-cell--center">
      <div class="buri-cell__title"><span>标题</span></div>
      <div role="switch" aria-checked="true" class="buri-switch buri-switch--on" style="font-size: 24px;">
        <div class="buri-switch__node"></div>
      </div>
    </div>
  </div>
</div>
`;
